Archive member included to satisfy reference by file (symbol)

c:/intelfpga/18.1/nios2eds/bin/gnu/h-x86_64-mingw32/bin/../lib/gcc/nios2-elf/5.3.0\libgcc.a(_fixunssfsi.o)
                              obj/default/tasks/loadCtrlTask.o (__fixunssfsi)
c:/intelfpga/18.1/nios2eds/bin/gnu/h-x86_64-mingw32/bin/../lib/gcc/nios2-elf/5.3.0\libgcc.a(divsf3.o)
                              obj/default/tasks/loadCtrlTask.o (__divsf3)
c:/intelfpga/18.1/nios2eds/bin/gnu/h-x86_64-mingw32/bin/../lib/gcc/nios2-elf/5.3.0\libgcc.a(gesf2.o)
                              c:/intelfpga/18.1/nios2eds/bin/gnu/h-x86_64-mingw32/bin/../lib/gcc/nios2-elf/5.3.0\libgcc.a(_fixunssfsi.o) (__gesf2)
c:/intelfpga/18.1/nios2eds/bin/gnu/h-x86_64-mingw32/bin/../lib/gcc/nios2-elf/5.3.0\libgcc.a(mulsf3.o)
                              obj/default/tasks/loadCtrlTask.o (__mulsf3)
c:/intelfpga/18.1/nios2eds/bin/gnu/h-x86_64-mingw32/bin/../lib/gcc/nios2-elf/5.3.0\libgcc.a(subsf3.o)
                              c:/intelfpga/18.1/nios2eds/bin/gnu/h-x86_64-mingw32/bin/../lib/gcc/nios2-elf/5.3.0\libgcc.a(_fixunssfsi.o) (__subsf3)
c:/intelfpga/18.1/nios2eds/bin/gnu/h-x86_64-mingw32/bin/../lib/gcc/nios2-elf/5.3.0\libgcc.a(fixsfsi.o)
                              c:/intelfpga/18.1/nios2eds/bin/gnu/h-x86_64-mingw32/bin/../lib/gcc/nios2-elf/5.3.0\libgcc.a(_fixunssfsi.o) (__fixsfsi)
c:/intelfpga/18.1/nios2eds/bin/gnu/h-x86_64-mingw32/bin/../lib/gcc/nios2-elf/5.3.0\libgcc.a(floatsisf.o)
                              obj/default/tasks/loadCtrlTask.o (__floatsisf)
c:/intelfpga/18.1/nios2eds/bin/gnu/h-x86_64-mingw32/bin/../lib/gcc/nios2-elf/5.3.0\libgcc.a(floatunsisf.o)
                              obj/default/tasks/stabilityMonitorTask.o (__floatunsisf)
c:/intelfpga/18.1/nios2eds/bin/gnu/h-x86_64-mingw32/bin/../lib/gcc/nios2-elf/5.3.0\libgcc.a(adddf3.o)
                              obj/default/tasks/vgaTask.o (__adddf3)
c:/intelfpga/18.1/nios2eds/bin/gnu/h-x86_64-mingw32/bin/../lib/gcc/nios2-elf/5.3.0\libgcc.a(divdf3.o)
                              obj/default/main.o (__divdf3)
c:/intelfpga/18.1/nios2eds/bin/gnu/h-x86_64-mingw32/bin/../lib/gcc/nios2-elf/5.3.0\libgcc.a(eqdf2.o)
                              obj/default/tasks/stabilityMonitorTask.o (__nedf2)
c:/intelfpga/18.1/nios2eds/bin/gnu/h-x86_64-mingw32/bin/../lib/gcc/nios2-elf/5.3.0\libgcc.a(gedf2.o)
                              obj/default/tasks/stabilityMonitorTask.o (__gtdf2)
c:/intelfpga/18.1/nios2eds/bin/gnu/h-x86_64-mingw32/bin/../lib/gcc/nios2-elf/5.3.0\libgcc.a(muldf3.o)
                              obj/default/tasks/vgaTask.o (__muldf3)
c:/intelfpga/18.1/nios2eds/bin/gnu/h-x86_64-mingw32/bin/../lib/gcc/nios2-elf/5.3.0\libgcc.a(subdf3.o)
                              obj/default/tasks/stabilityMonitorTask.o (__subdf3)
c:/intelfpga/18.1/nios2eds/bin/gnu/h-x86_64-mingw32/bin/../lib/gcc/nios2-elf/5.3.0\libgcc.a(fixdfsi.o)
                              obj/default/tasks/vgaTask.o (__fixdfsi)
c:/intelfpga/18.1/nios2eds/bin/gnu/h-x86_64-mingw32/bin/../lib/gcc/nios2-elf/5.3.0\libgcc.a(floatsidf.o)
                              obj/default/main.o (__floatsidf)
c:/intelfpga/18.1/nios2eds/bin/gnu/h-x86_64-mingw32/bin/../lib/gcc/nios2-elf/5.3.0\libgcc.a(extendsfdf2.o)
                              obj/default/tasks/stabilityMonitorTask.o (__extendsfdf2)
c:/intelfpga/18.1/nios2eds/bin/gnu/h-x86_64-mingw32/bin/../lib/gcc/nios2-elf/5.3.0\libgcc.a(_clzsi2.o)
                              c:/intelfpga/18.1/nios2eds/bin/gnu/h-x86_64-mingw32/bin/../lib/gcc/nios2-elf/5.3.0\libgcc.a(divsf3.o) (__clzsi2)
c:/intelfpga/18.1/nios2eds/bin/gnu/h-x86_64-mingw32/bin/../lib/gcc/nios2-elf/5.3.0\libgcc.a(lib2-divmod.o)
                              c:/intelfpga/18.1/nios2eds/bin/gnu/h-x86_64-mingw32/bin/../lib/gcc/nios2-elf/5.3.0\libgcc.a(divdf3.o) (__udivsi3)
c:/intelfpga/18.1/nios2eds/bin/gnu/h-x86_64-mingw32/bin/../lib/gcc/nios2-elf/5.3.0\libgcc.a(_clz.o)
                              c:/intelfpga/18.1/nios2eds/bin/gnu/h-x86_64-mingw32/bin/../lib/gcc/nios2-elf/5.3.0\libgcc.a(_clzsi2.o) (__clz_tab)
c:/intelfpga/18.1/nios2eds/bin/gnu/h-x86_64-mingw32/bin/../lib/gcc/nios2-elf/5.3.0/../../../../../H-x86_64-mingw32/nios2-elf/lib\libc.a(lib_a-fopen.o)
                              obj/default/main.o (fopen)
c:/intelfpga/18.1/nios2eds/bin/gnu/h-x86_64-mingw32/bin/../lib/gcc/nios2-elf/5.3.0/../../../../../H-x86_64-mingw32/nios2-elf/lib\libc.a(lib_a-fprintf.o)
                              obj/default/main.o (fprintf)
c:/intelfpga/18.1/nios2eds/bin/gnu/h-x86_64-mingw32/bin/../lib/gcc/nios2-elf/5.3.0/../../../../../H-x86_64-mingw32/nios2-elf/lib\libc.a(lib_a-fseek.o)
                              c:/intelfpga/18.1/nios2eds/bin/gnu/h-x86_64-mingw32/bin/../lib/gcc/nios2-elf/5.3.0/../../../../../H-x86_64-mingw32/nios2-elf/lib\libc.a(lib_a-fopen.o) (_fseek_r)
c:/intelfpga/18.1/nios2eds/bin/gnu/h-x86_64-mingw32/bin/../lib/gcc/nios2-elf/5.3.0/../../../../../H-x86_64-mingw32/nios2-elf/lib\libc.a(lib_a-fseeko.o)
[...]
Memory Configuration

Name             Origin             Length             Attributes
onchip_memory_BEFORE_EXCEPTION 0x0000000000000000 0x0000000000000020
onchip_memory    0x0000000000000020 0x0000000000031fe0
reset            0x0000000001000000 0x0000000000000020
flash_controller 0x0000000001000020 0x00000000007fffe0
sdram            0x0000000008000000 0x0000000008000000
*default*        0x0000000000000000 0xffffffffffffffff

Linker script and memory map

LOAD ../relay_bsp//obj/HAL/src/crt0.o
LOAD obj/default/freertos/croutine.o
LOAD obj/default/freertos/event_groups.o
LOAD obj/default/freertos/heap.o
LOAD obj/default/freertos/list.o
LOAD obj/default/freertos/port.o
LOAD obj/default/freertos/queue.o
LOAD obj/default/freertos/tasks.o
LOAD obj/default/freertos/timers.o
LOAD obj/default/globals.o
LOAD obj/default/main.o
LOAD obj/default/queues.o
LOAD obj/default/tasks.o
LOAD obj/default/tasks/ledTask.o
LOAD obj/default/tasks/loadCtrlTask.o
LOAD obj/default/tasks/shouldReconnectTask.o
LOAD obj/default/tasks/shouldShedTask.o
LOAD obj/default/tasks/stabilityMonitorTask.o
LOAD obj/default/tasks/switchPollingTask.o
LOAD obj/default/tasks/vgaTask.o
LOAD obj/default/freertos/port_asm.o
LOAD c:/intelfpga/18.1/nios2eds/bin/gnu/h-x86_64-mingw32/bin/../lib/gcc/nios2-elf/5.3.0/../../../../../H-x86_64-mingw32/nios2-elf/lib\libstdc++.a
LOAD c:/intelfpga/18.1/nios2eds/bin/gnu/h-x86_64-mingw32/bin/../lib/gcc/nios2-elf/5.3.0/../../../../../H-x86_64-mingw32/nios2-elf/lib\libm.a
LOAD c:/intelfpga/18.1/nios2eds/bin/gnu/h-x86_64-mingw32/bin/../lib/gcc/nios2-elf/5.3.0\libgcc.a
START GROUP
LOAD c:/intelfpga/18.1/nios2eds/bin/gnu/h-x86_64-mingw32/bin/../lib/gcc/nios2-elf/5.3.0/../../../../../H-x86_64-mingw32/nios2-elf/lib\libc.a
LOAD c:/intelfpga/18.1/nios2eds/bin/gnu/h-x86_64-mingw32/bin/../lib/gcc/nios2-elf/5.3.0\libgcc.a
LOAD ../relay_bsp/\libhal_bsp.a
LOAD c:/intelfpga/18.1/nios2eds/bin/gnu/h-x86_64-mingw32/bin/../lib/gcc/nios2-elf/5.3.0/../../../../../H-x86_64-mingw32/nios2-elf/lib\libm.a
END GROUP
LOAD c:/intelfpga/18.1/nios2eds/bin/gnu/h-x86_64-mingw32/bin/../lib/gcc/nios2-elf/5.3.0\libgcc.a
                0x0000000000000000                __alt_mem_onchip_memory = 0x0
                0x0000000001000000                __alt_mem_flash_controller = 0x1000000
                0x0000000008000000                __alt_mem_sdram = 0x8000000

.entry          0x0000000001000000        0x0
 *(.entry)
 .entry         0x0000000001000000        0x0 ../relay_bsp//obj/HAL/src/crt0.o
                0x0000000001000000                __reset

.exceptions     0x0000000000000020      0x234
                [!provide]                        PROVIDE (__ram_exceptions_start, ABSOLUTE (.))
                0x0000000000000020                . = ALIGN (0x20)
 *(.irq)
 *(.exceptions.entry.label)
 *(.exceptions.entry.user)
 *(.exceptions.entry.ecc_fatal)
 *(.exceptions.entry)
 .exceptions.entry
                0x0000000000000020       0x8c obj/default/freertos/port_asm.o
 *(.exceptions.irqtest.user)
 *(.exceptions.irqtest)
 .exceptions.irqtest
                0x00000000000000ac       0x14 obj/default/freertos/port_asm.o
 *(.exceptions.irqhandler.user)
 *(.exceptions.irqhandler)
 .exceptions.irqhandler
                0x00000000000000c0        0x4 obj/default/freertos/port_asm.o
 *(.exceptions.irqreturn.user)
 *(.exceptions.irqreturn)
 .exceptions.irqreturn
                0x00000000000000c4       0x8c obj/default/freertos/port_asm.o
                0x00000000000000c4                restore_sp_from_pxCurrentTCB
 *(.exceptions.notirq.label)
 *(.exceptions.notirq.user)
 *(.exceptions.notirq)
 *(.exceptions.soft.user)
 *(.exceptions.soft)
 .exceptions.soft
                0x0000000000000150       0x2c obj/default/freertos/port_asm.o
 *(.exceptions.unknown.user)
 *(.exceptions.unknown)
 *(.exceptions.exit.label)
 *(.exceptions.exit.user)
 *(.exceptions.exit)
 *(.exceptions)
 .exceptions    0x000000000000017c       0xd8 ../relay_bsp/\libhal_bsp.a(alt_irq_handler.o)
                0x000000000000017c                alt_irq_handler
                [!provide]                        PROVIDE (__ram_exceptions_end, ABSOLUTE (.))
                [!provide]                        PROVIDE (__flash_exceptions_start, LOADADDR (.exceptions))

.text           0x0000000000000254    0x1d548
                [!provide]                        PROVIDE (stext, ABSOLUTE (.))
 *(.interp)
 *(.hash)
 *(.dynsym)
 *(.dynstr)
 *(.gnu.version)
 *(.gnu.version_d)
 *(.gnu.version_r)
 *(.rel.init)
 *(.rela.init)
 *(.rel.text .rel.text.* .rel.gnu.linkonce.t.*)
 *(.rela.text .rela.text.* .rela.gnu.linkonce.t.*)
 *(.rel.fini)
 *(.rela.fini)
 *(.rel.rodata .rel.rodata.* .rel.gnu.linkonce.r.*)
 *(.rela.rodata .rela.rodata.* .rela.gnu.linkonce.r.*)
 *(.rel.data .rel.data.* .rel.gnu.linkonce.d.*)
 *(.rela.data .rela.data.* .rela.gnu.linkonce.d.*)
 *(.rel.tdata .rel.tdata.* .rel.gnu.linkonce.td.*)
 *(.rela.tdata .rela.tdata.* .rela.gnu.linkonce.td.*)
 *(.rel.tbss .rel.tbss.* .rel.gnu.linkonce.tb.*)
 *(.rela.tbss .rela.tbss.* .rela.gnu.linkonce.tb.*)
 *(.rel.ctors)
 *(.rela.ctors)
 *(.rel.dtors)
 *(.rela.dtors)
 *(.rel.got)
 *(.rela.got)
 *(.rel.sdata .rel.sdata.* .rel.gnu.linkonce.s.*)
 *(.rela.sdata .rela.sdata.* .rela.gnu.linkonce.s.*)
 *(.rel.sbss .rel.sbss.* .rel.gnu.linkonce.sb.*)
 *(.rela.sbss .rela.sbss.* .rela.gnu.linkonce.sb.*)
 *(.rel.sdata2 .rel.sdata2.* .rel.gnu.linkonce.s2.*)
 *(.rela.sdata2 .rela.sdata2.* .rela.gnu.linkonce.s2.*)
 *(.rel.sbss2 .rel.sbss2.* .rel.gnu.linkonce.sb2.*)
 *(.rela.sbss2 .rela.sbss2.* .rela.gnu.linkonce.sb2.*)
 *(.rel.bss .rel.bss.* .rel.gnu.linkonce.b.*)
 *(.rela.bss .rela.bss.* .rela.gnu.linkonce.b.*)
 *(.rel.plt)
 *(.rela.plt)
 *(.rel.dyn)
 *(.init)
 *(.plt)
 *(.text .stub .text.* .gnu.linkonce.t.*)
 .text          0x0000000000000254       0x48 ../relay_bsp//obj/HAL/src/crt0.o
                0x0000000000000254                _start
 .text          0x000000000000029c      0x648 obj/default/freertos/croutine.o
                0x000000000000029c                xCoRoutineCreate
                0x00000000000003e0                vCoRoutineAddToDelayedList
                0x00000000000006d0                vCoRoutineSchedule
                0x000000000000085c                xCoRoutineRemoveFromEventList
 .text          0x00000000000008e4      0x6ec obj/default/freertos/event_groups.o
                0x00000000000008e4                xEventGroupCreate
                0x0000000000000938                xEventGroupSync
                0x0000000000000ab4                xEventGroupWaitBits
                0x0000000000000c50                xEventGroupClearBits
                0x0000000000000cb8                xEventGroupGetBitsFromISR
                0x0000000000000cf4                xEventGroupSetBits
                0x0000000000000e74                vEventGroupDelete
                0x0000000000000ee8                vEventGroupSetBitsCallback
                0x0000000000000f24                vEventGroupClearBitsCallback
 .text          0x0000000000000fd0      0x434 obj/default/freertos/heap.o
                0x0000000000000fd0                pvPortMalloc
                0x0000000000001150                vPortFree
                0x00000000000011d0                xPortGetFreeHeapSize
                0x00000000000011f0                vPortInitialiseBlocks
 .text          0x0000000000001404      0x290 obj/default/freertos/list.o
                0x0000000000001404                vListInitialise
                0x000000000000146c                vListInitialiseItem
                0x0000000000001498                vListInsertEnd
                0x0000000000001524                vListInsert
                0x00000000000015fc                uxListRemove
 .text          0x0000000000001694      0x3fc obj/default/freertos/port.o
                0x0000000000001694                vApplicationStackOverflowHook
                0x0000000000001700                pxPortInitialiseStack
                0x00000000000017e0                xPortStartScheduler
                0x0000000000001818                vPortEndScheduler
                0x00000000000018d4                vPortSysTickHandler
                0x0000000000001920                alt_irq_register
 .text          0x0000000000001a90     0x10e8 obj/default/freertos/queue.o
                0x0000000000001a90                xQueueGenericReset
                0x0000000000001ba8                xQueueGenericCreate
                0x0000000000001c80                xQueueCreateMutex
                0x0000000000001d4c                xQueueGiveMutexRecursive
                0x0000000000001ddc                xQueueTakeMutexRecursive
                0x0000000000001e84                xQueueCreateCountingSemaphore
                0x0000000000001edc                xQueueGenericSend
                0x000000000000207c                xQueueGenericSendFromISR
                0x000000000000215c                xQueueGiveFromISR
                0x000000000000222c                xQueueGenericReceive
                0x000000000000243c                xQueueReceiveFromISR
                0x0000000000002514                xQueuePeekFromISR
                0x0000000000002590                uxQueueMessagesWaiting
                0x00000000000025d0                uxQueueSpacesAvailable
                0x0000000000002624                uxQueueMessagesWaitingFromISR
                0x0000000000002654                vQueueDelete
                0x0000000000002a00                xQueueIsQueueEmptyFromISR
                0x0000000000002a98                xQueueIsQueueFullFromISR
                0x0000000000002ae0                vQueueWaitForMessageRestricted
 .text          0x0000000000002b78     0x1c90 obj/default/freertos/tasks.o
                0x0000000000002b78                xTaskGenericCreate
                0x0000000000002d3c                vTaskDelete
                0x0000000000002e0c                vTaskDelay
                0x0000000000002e84                vTaskStartScheduler
                0x0000000000002f24                vTaskEndScheduler
                0x0000000000002f6c                vTaskSuspendAll
                0x0000000000002f98                xTaskResumeAll
                0x00000000000030dc                xTaskGetTickCount
                0x0000000000003104                xTaskGetTickCountFromISR
                0x0000000000003130                uxTaskGetNumberOfTasks
                0x0000000000003150                xTaskIncrementTick
                0x0000000000003314                vTaskSwitchContext
                0x0000000000003448                vTaskPlaceOnEventList
                0x00000000000034b4                vTaskPlaceOnUnorderedEventList
                0x0000000000003534                vTaskPlaceOnEventListRestricted
                0x00000000000035a0                xTaskRemoveFromEventList
                0x0000000000003694                xTaskRemoveFromUnorderedEventList
                0x000000000000376c                vTaskSetTimeOutState
                0x00000000000037a8                xTaskCheckForTimeOut
                0x000000000000386c                vTaskMissedYield
                0x0000000000003d04                uxTaskGetStackHighWaterMark
                0x0000000000003e10                xTaskGetCurrentTaskHandle
                0x0000000000003e38                xTaskGetSchedulerState
                0x0000000000003e84                vTaskPriorityInherit
                0x0000000000003fac                xTaskPriorityDisinherit
                0x00000000000040a8                vTaskEnterCritical
                0x00000000000040fc                vTaskExitCritical
                0x000000000000415c                uxTaskResetEventItemValue
                0x00000000000041a0                pvTaskIncrementMutexHeldCount
                0x00000000000041d8                ulTaskNotifyTake
                0x00000000000042a4                xTaskNotifyWait
                0x00000000000043ac                xTaskNotify
                0x0000000000004534                xTaskNotifyFromISR
                0x00000000000046f0                vTaskNotifyGiveFromISR
 .text          0x0000000000004808      0x8fc obj/default/freertos/timers.o
                0x0000000000004808                xTimerCreateTimerTask
                0x0000000000004874                xTimerCreate
                0x0000000000004920                xTimerGenericCommand
                0x00000000000049fc                pcTimerGetTimerName
                0x0000000000005084                xTimerIsTimerActive
                0x00000000000050d4                pvTimerGetTimerID
 .text          0x0000000000005104       0x2c obj/default/globals.o
                0x0000000000005104                initGlobals
 .text          0x0000000000005130      0x398 obj/default/main.o
                0x0000000000005130                FreqAnalyserISR
                0x00000000000051c4                ButtonISR
                0x0000000000005224                ps2_isr
                0x0000000000005378                main
 .text          0x00000000000054c8       0xf8 obj/default/queues.o
                0x00000000000054c8                initOSDataStructs
 .text          0x00000000000055c0      0x17c obj/default/tasks.o
                0x00000000000055c0                initCreateTasks
 .text          0x000000000000573c       0x68 obj/default/tasks/ledTask.o
                0x000000000000573c                ledTask
 .text          0x00000000000057a4      0x3a0 obj/default/tasks/loadCtrlTask.o
                0x00000000000057a4                mostSignificantHighBit
                0x000000000000580c                leastSignificantHighBit
                0x0000000000005874                loadCtrlTask
 .text          0x0000000000005b44      0x100 obj/default/tasks/shouldReconnectTask.o
                0x0000000000005b44                shouldReconnectTask
 .text          0x0000000000005c44       0xb8 obj/default/tasks/shouldShedTask.o
                0x0000000000005c44                shouldShedTask
 .text          0x0000000000005cfc      0x2cc obj/default/tasks/stabilityMonitorTask.o
                0x0000000000005cfc                stabilityMonitorTask
 .text          0x0000000000005fc8       0x98 obj/default/tasks/switchPollingTask.o
                0x0000000000005fc8                switchPollingTask
 .text          0x0000000000006060      0xe0c obj/default/tasks/vgaTask.o
                0x0000000000006060                vgaTask
 .text          0x0000000000006e6c        0x0 obj/default/freertos/port_asm.o
 .text          0x0000000000006e6c       0x60 c:/intelfpga/18.1/nios2eds/bin/gnu/h-x86_64-mingw32/bin/../lib/gcc/nios2-elf/5.3.0\libgcc.a(_fixunssfsi.o)
                0x0000000000006e6c                __fixunssfsi
 .text          0x0000000000006ecc      0x440 c:/intelfpga/18.1/nios2eds/bin/gnu/h-x86_64-mingw32/bin/../lib/gcc/nios2-elf/5.3.0\libgcc.a(divsf3.o)
                0x0000000000006ecc                __divsf3
 .text          0x000000000000730c       0xbc c:/intelfpga/18.1/nios2eds/bin/gnu/h-x86_64-mingw32/bin/../lib/gcc/nios2-elf/5.3.0\libgcc.a(gesf2.o)
                0x000000000000730c                __gesf2
                0x000000000000730c                __gtsf2
 .text          0x00000000000073c8      0x3fc c:/intelfpga/18.1/nios2eds/bin/gnu/h-x86_64-mingw32/bin/../lib/gcc/nios2-elf/5.3.0\libgcc.a(mulsf3.o)
                0x00000000000073c8                __mulsf3
 .text          0x00000000000077c4      0x4e4 c:/intelfpga/18.1/nios2eds/bin/gnu/h-x86_64-mingw32/bin/../lib/gcc/nios2-elf/5.3.0\libgcc.a(subsf3.o)
                0x00000000000077c4                __subsf3
 .text          0x0000000000007ca8       0x70 c:/intelfpga/18.1/nios2eds/bin/gnu/h-x86_64-mingw32/bin/../lib/gcc/nios2-elf/5.3.0\libgcc.a(fixsfsi.o)
                0x0000000000007ca8                __fixsfsi
 .text          0x0000000000007d18      0x124 c:/intelfpga/18.1/nios2eds/bin/gnu/h-x86_64-mingw32/bin/../lib/gcc/nios2-elf/5.3.0\libgcc.a(floatsisf.o)
                0x0000000000007d18                __floatsisf
 .text          0x0000000000007e3c       0xf0 c:/intelfpga/18.1/nios2eds/bin/gnu/h-x86_64-mingw32/bin/../lib/gcc/nios2-elf/5.3.0\libgcc.a(floatunsisf.o)
                0x0000000000007e3c                __floatunsisf
 .text          0x0000000000007f2c      0x8ac c:/intelfpga/18.1/nios2eds/bin/gnu/h-x86_64-mingw32/bin/../lib/gcc/nios2-elf/5.3.0\libgcc.a(adddf3.o)
                0x0000000000007f2c                __adddf3
 .text          0x00000000000087d8      0x8e8 c:/intelfpga/18.1/nios2eds/bin/gnu/h-x86_64-mingw32/bin/../lib/gcc/nios2-elf/5.3.0\libgcc.a(divdf3.o)
                0x00000000000087d8                __divdf3
 .text          0x00000000000090c0       0x88 c:/intelfpga/18.1/nios2eds/bin/gnu/h-x86_64-mingw32/bin/../lib/gcc/nios2-elf/5.3.0\libgcc.a(eqdf2.o)
                0x00000000000090c0                __nedf2
                0x00000000000090c0                __eqdf2
 .text          0x0000000000009148       0xdc c:/intelfpga/18.1/nios2eds/bin/gnu/h-x86_64-mingw32/bin/../lib/gcc/nios2-elf/5.3.0\libgcc.a(gedf2.o)
                0x0000000000009148                __gedf2
                0x0000000000009148                __gtdf2
 .text          0x0000000000009224      0x718 c:/intelfpga/18.1/nios2eds/bin/gnu/h-x86_64-mingw32/bin/../lib/gcc/nios2-elf/5.3.0\libgcc.a(muldf3.o)
                0x0000000000009224                __muldf3
 .text          0x000000000000993c      0x8fc c:/intelfpga/18.1/nios2eds/bin/gnu/h-x86_64-mingw32/bin/../lib/gcc/nios2-elf/5.3.0\libgcc.a(subdf3.o)
                0x000000000000993c                __subdf3
 .text          0x000000000000a238       0x80 c:/intelfpga/18.1/nios2eds/bin/gnu/h-x86_64-mingw32/bin/../lib/gcc/nios2-elf/5.3.0\libgcc.a(fixdfsi.o)
                0x000000000000a238                __fixdfsi
 .text          0x000000000000a2b8       0xdc c:/intelfpga/18.1/nios2eds/bin/gnu/h-x86_64-mingw32/bin/../lib/gcc/nios2-elf/5.3.0\libgcc.a(floatsidf.o)
                0x000000000000a2b8                __floatsidf
 .text          0x000000000000a394      0x110 c:/intelfpga/18.1/nios2eds/bin/gnu/h-x86_64-mingw32/bin/../lib/gcc/nios2-elf/5.3.0\libgcc.a(extendsfdf2.o)
                0x000000000000a394                __extendsfdf2
 .text          0x000000000000a4a4       0x64 c:/intelfpga/18.1/nios2eds/bin/gnu/h-x86_64-mingw32/bin/../lib/gcc/nios2-elf/5.3.0\libgcc.a(_clzsi2.o)
                0x000000000000a4a4                __clzsi2
 .text          0x000000000000a508      0x1b4 c:/intelfpga/18.1/nios2eds/bin/gnu/h-x86_64-mingw32/bin/../lib/gcc/nios2-elf/5.3.0\libgcc.a(lib2-divmod.o)
                0x000000000000a508                __divsi3
                0x000000000000a58c                __modsi3
                0x000000000000a600                __udivsi3
                0x000000000000a664                __umodsi3
 .text          0x000000000000a6bc        0x0 c:/intelfpga/18.1/nios2eds/bin/gnu/h-x86_64-mingw32/bin/../lib/gcc/nios2-elf/5.3.0\libgcc.a(_clz.o)
 .text          0x000000000000a6bc        0x0 c:/intelfpga/18.1/nios2eds/bin/gnu/h-x86_64-mingw32/bin/../lib/gcc/nios2-elf/5.3.0/../../../../../H-x86_64-mingw32/nios2-elf/lib\libc.a(lib_a-fopen.o)
 .text._fopen_r
                0x000000000000a6bc       0xf4 c:/intelfpga/18.1/nios2eds/bin/gnu/h-x86_64-mingw32/bin/../lib/gcc/nios2-elf/5.3.0/../../../../../H-x86_64-mingw32/nios2-elf/lib\libc.a(lib_a-fopen.o)
                0x000000000000a6bc                _fopen_r
 .text.fopen    0x000000000000a7b0       0x18 c:/intelfpga/18.1/nios2eds/bin/gnu/h-x86_64-mingw32/bin/../lib/gcc/nios2-elf/5.3.0/../../../../../H-x86_64-mingw32/nios2-elf/lib\libc.a(lib_a-fopen.o)
                0x000000000000a7b0                fopen
 .text          0x000000000000a7c8        0x0 c:/intelfpga/18.1/nios2eds/bin/gnu/h-x86_64-mingw32/bin/../lib/gcc/nios2-elf/5.3.0/../../../../../H-x86_64-mingw32/nios2-elf/lib\libc.a(lib_a-fprintf.o)
 .text._fprintf_r
                0x000000000000a7c8       0x28 c:/intelfpga/18.1/nios2eds/bin/gnu/h-x86_64-mingw32/bin/../lib/gcc/nios2-elf/5.3.0/../../../../../H-x86_64-mingw32/nios2-elf/lib\libc.a(lib_a-fprintf.o)
                0x000000000000a7c8                _fprintf_r
 .text.fprintf  0x000000000000a7f0       0x24 c:/intelfpga/18.1/nios2eds/bin/gnu/h-x86_64-mingw32/bin/../lib/gcc/nios2-elf/5.3.0/../../../../../H-x86_64-mingw32/nios2-elf/lib\libc.a(lib_a-fprintf.o)
                0x000000000000a7f0                fprintf
 .text          0x000000000000a814        0x0 c:/intelfpga/18.1/nios2eds/bin/gnu/h-x86_64-mingw32/bin/../lib/gcc/nios2-elf/5.3.0/../../../../../H-x86_64-mingw32/nios2-elf/lib\libc.a(lib_a-fseek.o)
 .text._fseek_r
                0x000000000000a814        0x4 c:/intelfpga/18.1/nios2eds/bin/gnu/h-x86_64-mingw32/bin/../lib/gcc/nios2-elf/5.3.0/../../../../../H-x86_64-mingw32/nios2-elf/lib\libc.a(lib_a-fseek.o)
                0x000000000000a814                _fseek_r
 .text.fseek    0x000000000000a818       0x1c c:/intelfpga/18.1/nios2eds/bin/gnu/h-x86_64-mingw32/bin/../lib/gcc/nios2-elf/5.3.0/../../../../../H-x86_64-mingw32/nios2-elf/lib\libc.a(lib_a-fseek.o)
                0x000000000000a818                fseek
 .text          0x000000000000a834        0x0 c:/intelfpga/18.1/nios2eds/bin/gnu/h-x86_64-mingw32/bin/../lib/gcc/nios2-elf/5.3.0/../../../../../H-x86_64-mingw32/nios2-elf/lib\libc.a(lib_a-fseeko.o)
 .text._fseeko_r
                0x000000000000a834      0x444 c:/intelfpga/18.1/nios2eds/bin/gnu/h-x86_64-mingw32/bin/../lib/gcc/nios2-elf/5.3.0/../../../../../H-x86_64-mingw32/nios2-elf/lib\libc.a(lib_a-fseeko.o)
                0x000000000000a834                _fseeko_r
 .text.fseeko   0x000000000000ac78       0x1c c:/intelfpga/18.1/nios2eds/bin/gnu/h-x86_64-mingw32/bin/../lib/gcc/nios2-elf/5.3.0/../../../../../H-x86_64-mingw32/nios2-elf/lib\libc.a(lib_a-fseeko.o)
                0x000000000000ac78                fseeko
 .text          0x000000000000ac94        0x0 c:/intelfpga/18.1/nios2eds/bin/gnu/h-x86_64-mingw32/bin/../lib/gcc/nios2-elf/5.3.0/../../../../../H-x86_64-mingw32/nios2-elf/lib\libc.a(lib_a-fstatr.o)
 .text._fstat_r
                0x000000000000ac94       0x5c c:/intelfpga/18.1/nios2eds/bin/gnu/h-x86_64-mingw32/bin/../lib/gcc/nios2-elf/5.3.0/../../../../../H-x86_64-mingw32/nios2-elf/lib\libc.a(lib_a-fstatr.o)
                0x000000000000ac94                _fstat_r
 .text          0x000000000000acf0        0x0 c:/intelfpga/18.1/nios2eds/bin/gnu/h-x86_64-mingw32/bin/../lib/gcc/nios2-elf/5.3.0/../../../../../H-x86_64-mingw32/nios2-elf/lib\libc.a(lib_a-impure.o)
 .text          0x000000000000acf0        0x0 c:/intelfpga/18.1/nios2eds/bin/gnu/h-x86_64-mingw32/bin/../lib/gcc/nios2-elf/5.3.0/../../../../../H-x86_64-mingw32/nios2-elf/lib\libc.a(lib_a-int_errno.o)
 .text          0x000000000000acf0        0x0 c:/intelfpga/18.1/nios2eds/bin/gnu/h-x86_64-mingw32/bin/../lib/gcc/nios2-elf/5.3.0/../../../../../H-x86_64-mingw32/nios2-elf/lib\libc.a(lib_a-makebuf.o)
 .text.__smakebuf_r
                0x000000000000acf0      0x1bc c:/intelfpga/18.1/nios2eds/bin/gnu/h-x86_64-mingw32/bin/../lib/gcc/nios2-elf/5.3.0/../../../../../H-x86_64-mingw32/nios2-elf/lib\libc.a(lib_a-makebuf.o)
                0x000000000000acf0                __smakebuf_r
 .text          0x000000000000aeac        0x0 c:/intelfpga/18.1/nios2eds/bin/gnu/h-x86_64-mingw32/bin/../lib/gcc/nios2-elf/5.3.0/../../../../../H-x86_64-mingw32/nios2-elf/lib\libc.a(lib_a-mallocr.o)
 .text._malloc_r
                0x000000000000aeac      0x80c c:/intelfpga/18.1/nios2eds/bin/gnu/h-x86_64-mingw32/bin/../lib/gcc/nios2-elf/5.3.0/../../../../../H-x86_64-mingw32/nios2-elf/lib\libc.a(lib_a-mallocr.o)
                0x000000000000aeac                _malloc_r
 .text          0x000000000000b6b8        0x0 c:/intelfpga/18.1/nios2eds/bin/gnu/h-x86_64-mingw32/bin/../lib/gcc/nios2-elf/5.3.0/../../../../../H-x86_64-mingw32/nios2-elf/lib\libc.a(lib_a-memcmp.o)
 .text.memcmp   0x000000000000b6b8       0x7c c:/intelfpga/18.1/nios2eds/bin/gnu/h-x86_64-mingw32/bin/../lib/gcc/nios2-elf/5.3.0/../../../../../H-x86_64-mingw32/nios2-elf/lib\libc.a(lib_a-memcmp.o)
                0x000000000000b6b8                memcmp
 .text          0x000000000000b734        0x0 c:/intelfpga/18.1/nios2eds/bin/gnu/h-x86_64-mingw32/bin/../lib/gcc/nios2-elf/5.3.0/../../../../../H-x86_64-mingw32/nios2-elf/lib\libc.a(lib_a-memcpy.o)
 .text.memcpy   0x000000000000b734      0x148 c:/intelfpga/18.1/nios2eds/bin/gnu/h-x86_64-mingw32/bin/../lib/gcc/nios2-elf/5.3.0/../../../../../H-x86_64-mingw32/nios2-elf/lib\libc.a(lib_a-memcpy.o)
                0x000000000000b734                memcpy
 .text          0x000000000000b87c        0x0 c:/intelfpga/18.1/nios2eds/bin/gnu/h-x86_64-mingw32/bin/../lib/gcc/nios2-elf/5.3.0/../../../../../H-x86_64-mingw32/nios2-elf/lib\libc.a(lib_a-memset.o)
 .text.memset   0x000000000000b87c      0x128 c:/intelfpga/18.1/nios2eds/bin/gnu/h-x86_64-mingw32/bin/../lib/gcc/nios2-elf/5.3.0/../../../../../H-x86_64-mingw32/nios2-elf/lib\libc.a(lib_a-memset.o)
                0x000000000000b87c                memset
 .text          0x000000000000b9a4        0x0 c:/intelfpga/18.1/nios2eds/bin/gnu/h-x86_64-mingw32/bin/../lib/gcc/nios2-elf/5.3.0/../../../../../H-x86_64-mingw32/nios2-elf/lib\libc.a(lib_a-openr.o)
 .text._open_r  0x000000000000b9a4       0x60 c:/intelfpga/18.1/nios2eds/bin/gnu/h-x86_64-mingw32/bin/../lib/gcc/nios2-elf/5.3.0/../../../../../H-x86_64-mingw32/nios2-elf/lib\libc.a(lib_a-openr.o)
                0x000000000000b9a4                _open_r
 .text          0x000000000000ba04        0x0 c:/intelfpga/18.1/nios2eds/bin/gnu/h-x86_64-mingw32/bin/../lib/gcc/nios2-elf/5.3.0/../../../../../H-x86_64-mingw32/nios2-elf/lib\libc.a(lib_a-printf.o)
 .text._printf_r
                0x000000000000ba04       0x30 c:/intelfpga/18.1/nios2eds/bin/gnu/h-x86_64-mingw32/bin/../lib/gcc/nios2-elf/5.3.0/../../../../../H-x86_64-mingw32/nios2-elf/lib\libc.a(lib_a-printf.o)
                0x000000000000ba04                _printf_r
 .text.printf   0x000000000000ba34       0x3c c:/intelfpga/18.1/nios2eds/bin/gnu/h-x86_64-mingw32/bin/../lib/gcc/nios2-elf/5.3.0/../../../../../H-x86_64-mingw32/nios2-elf/lib\libc.a(lib_a-printf.o)
                0x000000000000ba34                printf
 .text          0x000000000000ba70        0x0 c:/intelfpga/18.1/nios2eds/bin/gnu/h-x86_64-mingw32/bin/../lib/gcc/nios2-elf/5.3.0/../../../../../H-x86_64-mingw32/nios2-elf/lib\libc.a(lib_a-putchar.o)
 .text._putchar_r
                0x000000000000ba70        0x8 c:/intelfpga/18.1/nios2eds/bin/gnu/h-x86_64-mingw32/bin/../lib/gcc/nios2-elf/5.3.0/../../../../../H-x86_64-mingw32/nios2-elf/lib\libc.a(lib_a-putchar.o)
                0x000000000000ba70                _putchar_r
 .text.putchar  0x000000000000ba78       0x18 c:/intelfpga/18.1/nios2eds/bin/gnu/h-x86_64-mingw32/bin/../lib/gcc/nios2-elf/5.3.0/../../../../../H-x86_64-mingw32/nios2-elf/lib\libc.a(lib_a-putchar.o)
                0x000000000000ba78                putchar
 .text          0x000000000000ba90        0x0 c:/intelfpga/18.1/nios2eds/bin/gnu/h-x86_64-mingw32/bin/../lib/gcc/nios2-elf/5.3.0/../../../../../H-x86_64-mingw32/nios2-elf/lib\libc.a(lib_a-puts.o)
 .text._puts_r  0x000000000000ba90       0xc0 c:/intelfpga/18.1/nios2eds/bin/gnu/h-x86_64-mingw32/bin/../lib/gcc/nios2-elf/5.3.0/../../../../../H-x86_64-mingw32/nios2-elf/lib\libc.a(lib_a-puts.o)
                0x000000000000ba90                _puts_r
 .text.puts     0x000000000000bb50       0x14 c:/intelfpga/18.1/nios2eds/bin/gnu/h-x86_64-mingw32/bin/../lib/gcc/nios2-elf/5.3.0/../../../../../H-x86_64-mingw32/nios2-elf/lib\libc.a(lib_a-puts.o)
                0x000000000000bb50                puts
 .text          0x000000000000bb64        0x0 c:/intelfpga/18.1/nios2eds/bin/gnu/h-x86_64-mingw32/bin/../lib/gcc/nios2-elf/5.3.0/../../../../../H-x86_64-mingw32/nios2-elf/lib\libc.a(lib_a-refill.o)
 .text.lflush   0x000000000000bb64       0x1c c:/intelfpga/18.1/nios2eds/bin/gnu/h-x86_64-mingw32/bin/../lib/gcc/nios2-elf/5.3.0/../../../../../H-x86_64-mingw32/nios2-elf/lib\libc.a(lib_a-refill.o)
 .text.__srefill_r
                0x000000000000bb80      0x1d4 c:/intelfpga/18.1/nios2eds/bin/gnu/h-x86_64-mingw32/bin/../lib/gcc/nios2-elf/5.3.0/../../../../../H-x86_64-mingw32/nios2-elf/lib\libc.a(lib_a-refill.o)
                0x000000000000bb80                __srefill_r
 .text          0x000000000000bd54        0x0 c:/intelfpga/18.1/nios2eds/bin/gnu/h-x86_64-mingw32/bin/../lib/gcc/nios2-elf/5.3.0/../../../../../H-x86_64-mingw32/nios2-elf/lib\libc.a(lib_a-sbrkr.o)
 .text._sbrk_r  0x000000000000bd54       0x54 c:/intelfpga/18.1/nios2eds/bin/gnu/h-x86_64-mingw32/bin/../lib/gcc/nios2-elf/5.3.0/../../../../../H-x86_64-mingw32/nios2-elf/lib\libc.a(lib_a-sbrkr.o)
                0x000000000000bd54                _sbrk_r
 .text          0x000000000000bda8        0x0 c:/intelfpga/18.1/nios2eds/bin/gnu/h-x86_64-mingw32/bin/../lib/gcc/nios2-elf/5.3.0/../../../../../H-x86_64-mingw32/nios2-elf/lib\libc.a(lib_a-stdio.o)
 .text.__sread  0x000000000000bda8       0x54 c:/intelfpga/18.1/nios2eds/bin/gnu/h-x86_64-mingw32/bin/../lib/gcc/nios2-elf/5.3.0/../../../../../H-x86_64-mingw32/nios2-elf/lib\libc.a(lib_a-stdio.o)
                0x000000000000bda8                __sread
 .text.__seofread
                0x000000000000bdfc        0x8 c:/intelfpga/18.1/nios2eds/bin/gnu/h-x86_64-mingw32/bin/../lib/gcc/nios2-elf/5.3.0/../../../../../H-x86_64-mingw32/nios2-elf/lib\libc.a(lib_a-stdio.o)
                0x000000000000bdfc                __seofread
 .text.__swrite
                0x000000000000be04       0x7c c:/intelfpga/18.1/nios2eds/bin/gnu/h-x86_64-mingw32/bin/../lib/gcc/nios2-elf/5.3.0/../../../../../H-x86_64-mingw32/nios2-elf/lib\libc.a(lib_a-stdio.o)
                0x000000000000be04                __swrite
 .text.__sseek  0x000000000000be80       0x5c c:/intelfpga/18.1/nios2eds/bin/gnu/h-x86_64-mingw32/bin/../lib/gcc/nios2-elf/5.3.0/../../../../../H-x86_64-mingw32/nios2-elf/lib\libc.a(lib_a-stdio.o)
                0x000000000000be80                __sseek
 .text.__sclose
                0x000000000000bedc        0x8 c:/intelfpga/18.1/nios2eds/bin/gnu/h-x86_64-mingw32/bin/../lib/gcc/nios2-elf/5.3.0/../../../../../H-x86_64-mingw32/nios2-elf/lib\libc.a(lib_a-stdio.o)
                0x000000000000bedc                __sclose
 .text          0x000000000000bee4        0x0 c:/intelfpga/18.1/nios2eds/bin/gnu/h-x86_64-mingw32/bin/../lib/gcc/nios2-elf/5.3.0/../../../../../H-x86_64-mingw32/nios2-elf/lib\libc.a(lib_a-strlen.o)
 .text.strlen   0x000000000000bee4       0x98 c:/intelfpga/18.1/nios2eds/bin/gnu/h-x86_64-mingw32/bin/../lib/gcc/nios2-elf/5.3.0/../../../../../H-x86_64-mingw32/nios2-elf/lib\libc.a(lib_a-strlen.o)
                0x000000000000bee4                strlen
 .text          0x000000000000bf7c        0x0 c:/intelfpga/18.1/nios2eds/bin/gnu/h-x86_64-mingw32/bin/../lib/gcc/nios2-elf/5.3.0/../../../../../H-x86_64-mingw32/nios2-elf/lib\libc.a(lib_a-vfprintf.o)
 .text.___vfprintf_internal_r
                0x000000000000bf7c     0x21f8 c:/intelfpga/18.1/nios2eds/bin/gnu/h-x86_64-mingw32/bin/../lib/gcc/nios2-elf/5.3.0/../../../../../H-x86_64-mingw32/nios2-elf/lib\libc.a(lib_a-vfprintf.o)
                0x000000000000bf7c                ___vfprintf_internal_r
 .text.__vfprintf_internal
                0x000000000000e174       0x1c c:/intelfpga/18.1/nios2eds/bin/gnu/h-x86_64-mingw32/bin/../lib/gcc/nios2-elf/5.3.0/../../../../../H-x86_64-mingw32/nios2-elf/lib\libc.a(lib_a-vfprintf.o)
                0x000000000000e174                __vfprintf_internal
 .text.__sbprintf
                0x000000000000e190       0xbc c:/intelfpga/18.1/nios2eds/bin/gnu/h-x86_64-mingw32/bin/../lib/gcc/nios2-elf/5.3.0/../../../../../H-x86_64-mingw32/nios2-elf/lib\libc.a(lib_a-vfprintf.o)
 .text          0x000000000000e24c        0x0 c:/intelfpga/18.1/nios2eds/bin/gnu/h-x86_64-mingw32/bin/../lib/gcc/nios2-elf/5.3.0/../../../../../H-x86_64-mingw32/nios2-elf/lib\libc.a(lib_a-writer.o)
 .text._write_r
                0x000000000000e24c       0x60 c:/intelfpga/18.1/nios2eds/bin/gnu/h-x86_64-mingw32/bin/../lib/gcc/nios2-elf/5.3.0/../../../../../H-x86_64-mingw32/nios2-elf/lib\libc.a(lib_a-writer.o)
                0x000000000000e24c                _write_r
 .text          0x000000000000e2ac        0x0 c:/intelfpga/18.1/nios2eds/bin/gnu/h-x86_64-mingw32/bin/../lib/gcc/nios2-elf/5.3.0/../../../../../H-x86_64-mingw32/nios2-elf/lib\libc.a(lib_a-wsetup.o)
 .text.__swsetup_r
                0x000000000000e2ac      0x154 c:/intelfpga/18.1/nios2eds/bin/gnu/h-x86_64-mingw32/bin/../lib/gcc/nios2-elf/5.3.0/../../../../../H-x86_64-mingw32/nios2-elf/lib\libc.a(lib_a-wsetup.o)
                0x000000000000e2ac                __swsetup_r
 .text          0x000000000000e400        0x0 c:/intelfpga/18.1/nios2eds/bin/gnu/h-x86_64-mingw32/bin/../lib/gcc/nios2-elf/5.3.0/../../../../../H-x86_64-mingw32/nios2-elf/lib\libc.a(closer.o)
 .text._close_r
                0x000000000000e400       0x54 c:/intelfpga/18.1/nios2eds/bin/gnu/h-x86_64-mingw32/bin/../lib/gcc/nios2-elf/5.3.0/../../../../../H-x86_64-mingw32/nios2-elf/lib\libc.a(closer.o)
                0x000000000000e400                _close_r
 .text          0x000000000000e454        0x0 c:/intelfpga/18.1/nios2eds/bin/gnu/h-x86_64-mingw32/bin/../lib/gcc/nios2-elf/5.3.0/../../../../../H-x86_64-mingw32/nios2-elf/lib\libc.a(lib_a-dtoa.o)
 .text.quorem   0x000000000000e454      0x200 c:/intelfpga/18.1/nios2eds/bin/gnu/h-x86_64-mingw32/bin/../lib/gcc/nios2-elf/5.3.0/../../../../../H-x86_64-mingw32/nios2-elf/lib\libc.a(lib_a-dtoa.o)
 .text._dtoa_r  0x000000000000e654     0x1688 c:/intelfpga/18.1/nios2eds/bin/gnu/h-x86_64-mingw32/bin/../lib/gcc/nios2-elf/5.3.0/../../../../../H-x86_64-mingw32/nios2-elf/lib\libc.a(lib_a-dtoa.o)
                0x000000000000e654                _dtoa_r
 .text          0x000000000000fcdc        0x0 c:/intelfpga/18.1/nios2eds/bin/gnu/h-x86_64-mingw32/bin/../lib/gcc/nios2-elf/5.3.0/../../../../../H-x86_64-mingw32/nios2-elf/lib\libc.a(lib_a-fflush.o)
 .text.__sflush_r
                0x000000000000fcdc      0x21c c:/intelfpga/18.1/nios2eds/bin/gnu/h-x86_64-mingw32/bin/../lib/gcc/nios2-elf/5.3.0/../../../../../H-x86_64-mingw32/nios2-elf/lib\libc.a(lib_a-fflush.o)
                0x000000000000fcdc                __sflush_r
 .text._fflush_r
                0x000000000000fef8       0x5c c:/intelfpga/18.1/nios2eds/bin/gnu/h-x86_64-mingw32/bin/../lib/gcc/nios2-elf/5.3.0/../../../../../H-x86_64-mingw32/nios2-elf/lib\libc.a(lib_a-fflush.o)
                0x000000000000fef8                _fflush_r
 .text.fflush   0x000000000000ff54       0x30 c:/intelfpga/18.1/nios2eds/bin/gnu/h-x86_64-mingw32/bin/../lib/gcc/nios2-elf/5.3.0/../../../../../H-x86_64-mingw32/nios2-elf/lib\libc.a(lib_a-fflush.o)
                0x000000000000ff54                fflush
 .text          0x000000000000ff84        0x0 c:/intelfpga/18.1/nios2eds/bin/gnu/h-x86_64-mingw32/bin/../lib/gcc/nios2-elf/5.3.0/../../../../../H-x86_64-mingw32/nios2-elf/lib\libc.a(lib_a-findfp.o)
 .text.__fp_unlock
                0x000000000000ff84        0x8 c:/intelfpga/18.1/nios2eds/bin/gnu/h-x86_64-mingw32/bin/../lib/gcc/nios2-elf/5.3.0/../../../../../H-x86_64-mingw32/nios2-elf/lib\libc.a(lib_a-findfp.o)
 .text._cleanup_r
                0x000000000000ff8c        0xc c:/intelfpga/18.1/nios2eds/bin/gnu/h-x86_64-mingw32/bin/../lib/gcc/nios2-elf/5.3.0/../../../../../H-x86_64-mingw32/nios2-elf/lib\libc.a(lib_a-findfp.o)
                0x000000000000ff8c                _cleanup_r
 .text.__sinit.part.1
                0x000000000000ff98      0x19c c:/intelfpga/18.1/nios2eds/bin/gnu/h-x86_64-mingw32/bin/../lib/gcc/nios2-elf/5.3.0/../../../../../H-x86_64-mingw32/nios2-elf/lib\libc.a(lib_a-findfp.o)
 .text.__fp_lock
                0x0000000000010134        0x8 c:/intelfpga/18.1/nios2eds/bin/gnu/h-x86_64-mingw32/bin/../lib/gcc/nios2-elf/5.3.0/../../../../../H-x86_64-mingw32/nios2-elf/lib\libc.a(lib_a-findfp.o)
 .text.__sfmoreglue
                0x000000000001013c       0x68 c:/intelfpga/18.1/nios2eds/bin/gnu/h-x86_64-mingw32/bin/../lib/gcc/nios2-elf/5.3.0/../../../../../H-x86_64-mingw32/nios2-elf/lib\libc.a(lib_a-findfp.o)
                0x000000000001013c                __sfmoreglue
 .text.__sfp    0x00000000000101a4      0x118 c:/intelfpga/18.1/nios2eds/bin/gnu/h-x86_64-mingw32/bin/../lib/gcc/nios2-elf/5.3.0/../../../../../H-x86_64-mingw32/nios2-elf/lib\libc.a(lib_a-findfp.o)
                0x00000000000101a4                __sfp
 .text._cleanup
                0x00000000000102bc       0x18 c:/intelfpga/18.1/nios2eds/bin/gnu/h-x86_64-mingw32/bin/../lib/gcc/nios2-elf/5.3.0/../../../../../H-x86_64-mingw32/nios2-elf/lib\libc.a(lib_a-findfp.o)
                0x00000000000102bc                _cleanup
 .text.__sinit  0x00000000000102d4       0x10 c:/intelfpga/18.1/nios2eds/bin/gnu/h-x86_64-mingw32/bin/../lib/gcc/nios2-elf/5.3.0/../../../../../H-x86_64-mingw32/nios2-elf/lib\libc.a(lib_a-findfp.o)
                0x00000000000102d4                __sinit
 .text.__sfp_lock_acquire
                0x00000000000102e4        0x4 c:/intelfpga/18.1/nios2eds/bin/gnu/h-x86_64-mingw32/bin/../lib/gcc/nios2-elf/5.3.0/../../../../../H-x86_64-mingw32/nios2-elf/lib\libc.a(lib_a-findfp.o)
                0x00000000000102e4                __sfp_lock_acquire
 .text.__sfp_lock_release
                0x00000000000102e8        0x4 c:/intelfpga/18.1/nios2eds/bin/gnu/h-x86_64-mingw32/bin/../lib/gcc/nios2-elf/5.3.0/../../../../../H-x86_64-mingw32/nios2-elf/lib\libc.a(lib_a-findfp.o)
                0x00000000000102e8                __sfp_lock_release
 .text.__sinit_lock_acquire
                0x00000000000102ec        0x4 c:/intelfpga/18.1/nios2eds/bin/gnu/h-x86_64-mingw32/bin/../lib/gcc/nios2-elf/5.3.0/../../../../../H-x86_64-mingw32/nios2-elf/lib\libc.a(lib_a-findfp.o)
                0x00000000000102ec                __sinit_lock_acquire
 .text.__sinit_lock_release
                0x00000000000102f0        0x4 c:/intelfpga/18.1/nios2eds/bin/gnu/h-x86_64-mingw32/bin/../lib/gcc/nios2-elf/5.3.0/../../../../../H-x86_64-mingw32/nios2-elf/lib\libc.a(lib_a-findfp.o)
                0x00000000000102f0                __sinit_lock_release
 .text.__fp_lock_all
                0x00000000000102f4       0x18 c:/intelfpga/18.1/nios2eds/bin/gnu/h-x86_64-mingw32/bin/../lib/gcc/nios2-elf/5.3.0/../../../../../H-x86_64-mingw32/nios2-elf/lib\libc.a(lib_a-findfp.o)
                0x00000000000102f4                __fp_lock_all
 .text.__fp_unlock_all
                0x000000000001030c       0x18 c:/intelfpga/18.1/nios2eds/bin/gnu/h-x86_64-mingw32/bin/../lib/gcc/nios2-elf/5.3.0/../../../../../H-x86_64-mingw32/nios2-elf/lib\libc.a(lib_a-findfp.o)
                0x000000000001030c                __fp_unlock_all
 .text          0x0000000000010324        0x0 c:/intelfpga/18.1/nios2eds/bin/gnu/h-x86_64-mingw32/bin/../lib/gcc/nios2-elf/5.3.0/../../../../../H-x86_64-mingw32/nios2-elf/lib\libc.a(lib_a-flags.o)
 .text.__sflags
                0x0000000000010324       0xac c:/intelfpga/18.1/nios2eds/bin/gnu/h-x86_64-mingw32/bin/../lib/gcc/nios2-elf/5.3.0/../../../../../H-x86_64-mingw32/nios2-elf/lib\libc.a(lib_a-flags.o)
                0x0000000000010324                __sflags
 .text          0x00000000000103d0        0x0 c:/intelfpga/18.1/nios2eds/bin/gnu/h-x86_64-mingw32/bin/../lib/gcc/nios2-elf/5.3.0/../../../../../H-x86_64-mingw32/nios2-elf/lib\libc.a(lib_a-freer.o)
 .text._malloc_trim_r
                0x00000000000103d0      0x124 c:/intelfpga/18.1/nios2eds/bin/gnu/h-x86_64-mingw32/bin/../lib/gcc/nios2-elf/5.3.0/../../../../../H-x86_64-mingw32/nios2-elf/lib\libc.a(lib_a-freer.o)
                0x00000000000103d0                _malloc_trim_r
 .text._free_r  0x00000000000104f4      0x310 c:/intelfpga/18.1/nios2eds/bin/gnu/h-x86_64-mingw32/bin/../lib/gcc/nios2-elf/5.3.0/../../../../../H-x86_64-mingw32/nios2-elf/lib\libc.a(lib_a-freer.o)
                0x00000000000104f4                _free_r
 .text          0x0000000000010804        0x0 c:/intelfpga/18.1/nios2eds/bin/gnu/h-x86_64-mingw32/bin/../lib/gcc/nios2-elf/5.3.0/../../../../../H-x86_64-mingw32/nios2-elf/lib\libc.a(lib_a-fvwrite.o)
 .text.__sfvwrite_r
                0x0000000000010804      0x4bc c:/intelfpga/18.1/nios2eds/bin/gnu/h-x86_64-mingw32/bin/../lib/gcc/nios2-elf/5.3.0/../../../../../H-x86_64-mingw32/nios2-elf/lib\libc.a(lib_a-fvwrite.o)
                0x0000000000010804                __sfvwrite_r
 .text          0x0000000000010cc0        0x0 c:/intelfpga/18.1/nios2eds/bin/gnu/h-x86_64-mingw32/bin/../lib/gcc/nios2-elf/5.3.0/../../../../../H-x86_64-mingw32/nios2-elf/lib\libc.a(lib_a-fwalk.o)
 .text._fwalk   0x0000000000010cc0       0xc4 c:/intelfpga/18.1/nios2eds/bin/gnu/h-x86_64-mingw32/bin/../lib/gcc/nios2-elf/5.3.0/../../../../../H-x86_64-mingw32/nios2-elf/lib\libc.a(lib_a-fwalk.o)
                0x0000000000010cc0                _fwalk
 .text._fwalk_reent
                0x0000000000010d84       0xc4 c:/intelfpga/18.1/nios2eds/bin/gnu/h-x86_64-mingw32/bin/../lib/gcc/nios2-elf/5.3.0/../../../../../H-x86_64-mingw32/nios2-elf/lib\libc.a(lib_a-fwalk.o)
                0x0000000000010d84                _fwalk_reent
 .text          0x0000000000010e48        0x0 c:/intelfpga/18.1/nios2eds/bin/gnu/h-x86_64-mingw32/bin/../lib/gcc/nios2-elf/5.3.0/../../../../../H-x86_64-mingw32/nios2-elf/lib\libc.a(lib_a-isattyr.o)
 .text._isatty_r
                0x0000000000010e48       0x54 c:/intelfpga/18.1/nios2eds/bin/gnu/h-x86_64-mingw32/bin/../lib/gcc/nios2-elf/5.3.0/../../../../../H-x86_64-mingw32/nios2-elf/lib\libc.a(lib_a-isattyr.o)
                0x0000000000010e48                _isatty_r
 .text          0x0000000000010e9c        0x0 c:/intelfpga/18.1/nios2eds/bin/gnu/h-x86_64-mingw32/bin/../lib/gcc/nios2-elf/5.3.0/../../../../../H-x86_64-mingw32/nios2-elf/lib\libc.a(lib_a-locale.o)
 .text._setlocale_r
                0x0000000000010e9c       0x7c c:/intelfpga/18.1/nios2eds/bin/gnu/h-x86_64-mingw32/bin/../lib/gcc/nios2-elf/5.3.0/../../../../../H-x86_64-mingw32/nios2-elf/lib\libc.a(lib_a-locale.o)
                0x0000000000010e9c                _setlocale_r
 .text.__locale_charset
                0x0000000000010f18        0xc c:/intelfpga/18.1/nios2eds/bin/gnu/h-x86_64-mingw32/bin/../lib/gcc/nios2-elf/5.3.0/../../../../../H-x86_64-mingw32/nios2-elf/lib\libc.a(lib_a-locale.o)
                0x0000000000010f18                __locale_charset
 .text.__locale_mb_cur_max
                0x0000000000010f24       0x10 c:/intelfpga/18.1/nios2eds/bin/gnu/h-x86_64-mingw32/bin/../lib/gcc/nios2-elf/5.3.0/../../../../../H-x86_64-mingw32/nios2-elf/lib\libc.a(lib_a-locale.o)
                0x0000000000010f24                __locale_mb_cur_max
 .text.__locale_msgcharset
                0x0000000000010f34        0xc c:/intelfpga/18.1/nios2eds/bin/gnu/h-x86_64-mingw32/bin/../lib/gcc/nios2-elf/5.3.0/../../../../../H-x86_64-mingw32/nios2-elf/lib\libc.a(lib_a-locale.o)
                0x0000000000010f34                __locale_msgcharset
 .text.__locale_cjk_lang
                0x0000000000010f40        0x8 c:/intelfpga/18.1/nios2eds/bin/gnu/h-x86_64-mingw32/bin/../lib/gcc/nios2-elf/5.3.0/../../../../../H-x86_64-mingw32/nios2-elf/lib\libc.a(lib_a-locale.o)
                0x0000000000010f40                __locale_cjk_lang
 .text._localeconv_r
                0x0000000000010f48        0xc c:/intelfpga/18.1/nios2eds/bin/gnu/h-x86_64-mingw32/bin/../lib/gcc/nios2-elf/5.3.0/../../../../../H-x86_64-mingw32/nios2-elf/lib\libc.a(lib_a-locale.o)
                0x0000000000010f48                _localeconv_r
 .text.setlocale
                0x0000000000010f54       0x18 c:/intelfpga/18.1/nios2eds/bin/gnu/h-x86_64-mingw32/bin/../lib/gcc/nios2-elf/5.3.0/../../../../../H-x86_64-mingw32/nios2-elf/lib\libc.a(lib_a-locale.o)
                0x0000000000010f54                setlocale
 .text.localeconv
                0x0000000000010f6c        0xc c:/intelfpga/18.1/nios2eds/bin/gnu/h-x86_64-mingw32/bin/../lib/gcc/nios2-elf/5.3.0/../../../../../H-x86_64-mingw32/nios2-elf/lib\libc.a(lib_a-locale.o)
                0x0000000000010f6c                localeconv
 .text          0x0000000000010f78        0x0 c:/intelfpga/18.1/nios2eds/bin/gnu/h-x86_64-mingw32/bin/../lib/gcc/nios2-elf/5.3.0/../../../../../H-x86_64-mingw32/nios2-elf/lib\libc.a(lib_a-lseekr.o)
 .text._lseek_r
                0x0000000000010f78       0x60 c:/intelfpga/18.1/nios2eds/bin/gnu/h-x86_64-mingw32/bin/../lib/gcc/nios2-elf/5.3.0/../../../../../H-x86_64-mingw32/nios2-elf/lib\libc.a(lib_a-lseekr.o)
                0x0000000000010f78                _lseek_r
 .text          0x0000000000010fd8        0x0 c:/intelfpga/18.1/nios2eds/bin/gnu/h-x86_64-mingw32/bin/../lib/gcc/nios2-elf/5.3.0/../../../../../H-x86_64-mingw32/nios2-elf/lib\libc.a(lib_a-memchr.o)
 .text.memchr   0x0000000000010fd8       0xe4 c:/intelfpga/18.1/nios2eds/bin/gnu/h-x86_64-mingw32/bin/../lib/gcc/nios2-elf/5.3.0/../../../../../H-x86_64-mingw32/nios2-elf/lib\libc.a(lib_a-memchr.o)
                0x0000000000010fd8                memchr
 .text          0x00000000000110bc        0x0 c:/intelfpga/18.1/nios2eds/bin/gnu/h-x86_64-mingw32/bin/../lib/gcc/nios2-elf/5.3.0/../../../../../H-x86_64-mingw32/nios2-elf/lib\libc.a(lib_a-memmove.o)
 .text.memmove  0x00000000000110bc      0x15c c:/intelfpga/18.1/nios2eds/bin/gnu/h-x86_64-mingw32/bin/../lib/gcc/nios2-elf/5.3.0/../../../../../H-x86_64-mingw32/nios2-elf/lib\libc.a(lib_a-memmove.o)
                0x00000000000110bc                memmove
 .text          0x0000000000011218        0x0 c:/intelfpga/18.1/nios2eds/bin/gnu/h-x86_64-mingw32/bin/../lib/gcc/nios2-elf/5.3.0/../../../../../H-x86_64-mingw32/nios2-elf/lib\libc.a(lib_a-mprec.o)
 .text._Balloc  0x0000000000011218       0xa8 c:/intelfpga/18.1/nios2eds/bin/gnu/h-x86_64-mingw32/bin/../lib/gcc/nios2-elf/5.3.0/../../../../../H-x86_64-mingw32/nios2-elf/lib\libc.a(lib_a-mprec.o)
                0x0000000000011218                _Balloc
 .text._Bfree   0x00000000000112c0       0x28 c:/intelfpga/18.1/nios2eds/bin/gnu/h-x86_64-mingw32/bin/../lib/gcc/nios2-elf/5.3.0/../../../../../H-x86_64-mingw32/nios2-elf/lib\libc.a(lib_a-mprec.o)
                0x00000000000112c0                _Bfree
 .text.__multadd
                0x00000000000112e8      0x120 c:/intelfpga/18.1/nios2eds/bin/gnu/h-x86_64-mingw32/bin/../lib/gcc/nios2-elf/5.3.0/../../../../../H-x86_64-mingw32/nios2-elf/lib\libc.a(lib_a-mprec.o)
                0x00000000000112e8                __multadd
 .text.__s2b    0x0000000000011408      0x104 c:/intelfpga/18.1/nios2eds/bin/gnu/h-x86_64-mingw32/bin/../lib/gcc/nios2-elf/5.3.0/../../../../../H-x86_64-mingw32/nios2-elf/lib\libc.a(lib_a-mprec.o)
                0x0000000000011408                __s2b
 .text.__hi0bits
                0x000000000001150c       0x68 c:/intelfpga/18.1/nios2eds/bin/gnu/h-x86_64-mingw32/bin/../lib/gcc/nios2-elf/5.3.0/../../../../../H-x86_64-mingw32/nios2-elf/lib\libc.a(lib_a-mprec.o)
                0x000000000001150c                __hi0bits
 .text.__lo0bits
                0x0000000000011574       0xb0 c:/intelfpga/18.1/nios2eds/bin/gnu/h-x86_64-mingw32/bin/../lib/gcc/nios2-elf/5.3.0/../../../../../H-x86_64-mingw32/nios2-elf/lib\libc.a(lib_a-mprec.o)
                0x0000000000011574                __lo0bits
 .text.__i2b    0x0000000000011624       0x3c c:/intelfpga/18.1/nios2eds/bin/gnu/h-x86_64-mingw32/bin/../lib/gcc/nios2-elf/5.3.0/../../../../../H-x86_64-mingw32/nios2-elf/lib\libc.a(lib_a-mprec.o)
                0x0000000000011624                __i2b
 .text.__multiply
                0x0000000000011660      0x1f8 c:/intelfpga/18.1/nios2eds/bin/gnu/h-x86_64-mingw32/bin/../lib/gcc/nios2-elf/5.3.0/../../../../../H-x86_64-mingw32/nios2-elf/lib\libc.a(lib_a-mprec.o)
                0x0000000000011660                __multiply
 .text.__pow5mult
                0x0000000000011858      0x140 c:/intelfpga/18.1/nios2eds/bin/gnu/h-x86_64-mingw32/bin/../lib/gcc/nios2-elf/5.3.0/../../../../../H-x86_64-mingw32/nios2-elf/lib\libc.a(lib_a-mprec.o)
                0x0000000000011858                __pow5mult
 .text.__lshift
                0x0000000000011998      0x148 c:/intelfpga/18.1/nios2eds/bin/gnu/h-x86_64-mingw32/bin/../lib/gcc/nios2-elf/5.3.0/../../../../../H-x86_64-mingw32/nios2-elf/lib\libc.a(lib_a-mprec.o)
                0x0000000000011998                __lshift
 .text.__mcmp   0x0000000000011ae0       0x60 c:/intelfpga/18.1/nios2eds/bin/gnu/h-x86_64-mingw32/bin/../lib/gcc/nios2-elf/5.3.0/../../../../../H-x86_64-mingw32/nios2-elf/lib\libc.a(lib_a-mprec.o)
                0x0000000000011ae0                __mcmp
 .text.__mdiff  0x0000000000011b40      0x1fc c:/intelfpga/18.1/nios2eds/bin/gnu/h-x86_64-mingw32/bin/../lib/gcc/nios2-elf/5.3.0/../../../../../H-x86_64-mingw32/nios2-elf/lib\libc.a(lib_a-mprec.o)
                0x0000000000011b40                __mdiff
 .text.__ulp    0x0000000000011d3c       0x64 c:/intelfpga/18.1/nios2eds/bin/gnu/h-x86_64-mingw32/bin/../lib/gcc/nios2-elf/5.3.0/../../../../../H-x86_64-mingw32/nios2-elf/lib\libc.a(lib_a-mprec.o)
                0x0000000000011d3c                __ulp
 .text.__b2d    0x0000000000011da0      0x10c c:/intelfpga/18.1/nios2eds/bin/gnu/h-x86_64-mingw32/bin/../lib/gcc/nios2-elf/5.3.0/../../../../../H-x86_64-mingw32/nios2-elf/lib\libc.a(lib_a-mprec.o)
                0x0000000000011da0                __b2d
 .text.__d2b    0x0000000000011eac      0x14c c:/intelfpga/18.1/nios2eds/bin/gnu/h-x86_64-mingw32/bin/../lib/gcc/nios2-elf/5.3.0/../../../../../H-x86_64-mingw32/nios2-elf/lib\libc.a(lib_a-mprec.o)
                0x0000000000011eac                __d2b
 .text.__ratio  0x0000000000011ff8       0xa4 c:/intelfpga/18.1/nios2eds/bin/gnu/h-x86_64-mingw32/bin/../lib/gcc/nios2-elf/5.3.0/../../../../../H-x86_64-mingw32/nios2-elf/lib\libc.a(lib_a-mprec.o)
                0x0000000000011ff8                __ratio
 .text._mprec_log10
                0x000000000001209c       0x74 c:/intelfpga/18.1/nios2eds/bin/gnu/h-x86_64-mingw32/bin/../lib/gcc/nios2-elf/5.3.0/../../../../../H-x86_64-mingw32/nios2-elf/lib\libc.a(lib_a-mprec.o)
                0x000000000001209c                _mprec_log10
 .text.__copybits
                0x0000000000012110       0x78 c:/intelfpga/18.1/nios2eds/bin/gnu/h-x86_64-mingw32/bin/../lib/gcc/nios2-elf/5.3.0/../../../../../H-x86_64-mingw32/nios2-elf/lib\libc.a(lib_a-mprec.o)
                0x0000000000012110                __copybits
 .text.__any_on
                0x0000000000012188       0x8c c:/intelfpga/18.1/nios2eds/bin/gnu/h-x86_64-mingw32/bin/../lib/gcc/nios2-elf/5.3.0/../../../../../H-x86_64-mingw32/nios2-elf/lib\libc.a(lib_a-mprec.o)
                0x0000000000012188                __any_on
 .text          0x0000000000012214        0x0 c:/intelfpga/18.1/nios2eds/bin/gnu/h-x86_64-mingw32/bin/../lib/gcc/nios2-elf/5.3.0/../../../../../H-x86_64-mingw32/nios2-elf/lib\libc.a(lib_a-putc.o)
 .text._putc_r  0x0000000000012214       0xa0 c:/intelfpga/18.1/nios2eds/bin/gnu/h-x86_64-mingw32/bin/../lib/gcc/nios2-elf/5.3.0/../../../../../H-x86_64-mingw32/nios2-elf/lib\libc.a(lib_a-putc.o)
                0x0000000000012214                _putc_r
 .text.putc     0x00000000000122b4       0xc8 c:/intelfpga/18.1/nios2eds/bin/gnu/h-x86_64-mingw32/bin/../lib/gcc/nios2-elf/5.3.0/../../../../../H-x86_64-mingw32/nios2-elf/lib\libc.a(lib_a-putc.o)
                0x00000000000122b4                putc
 .text          0x000000000001237c        0x0 c:/intelfpga/18.1/nios2eds/bin/gnu/h-x86_64-mingw32/bin/../lib/gcc/nios2-elf/5.3.0/../../../../../H-x86_64-mingw32/nios2-elf/lib\libc.a(lib_a-readr.o)
 .text._read_r  0x000000000001237c       0x60 c:/intelfpga/18.1/nios2eds/bin/gnu/h-x86_64-mingw32/bin/../lib/gcc/nios2-elf/5.3.0/../../../../../H-x86_64-mingw32/nios2-elf/lib\libc.a(lib_a-readr.o)
                0x000000000001237c                _read_r
 .text          0x00000000000123dc        0x0 c:/intelfpga/18.1/nios2eds/bin/gnu/h-x86_64-mingw32/bin/../lib/gcc/nios2-elf/5.3.0/../../../../../H-x86_64-mingw32/nios2-elf/lib\libc.a(lib_a-reallocr.o)
 .text._realloc_r
                0x00000000000123dc      0x564 c:/intelfpga/18.1/nios2eds/bin/gnu/h-x86_64-mingw32/bin/../lib/gcc/nios2-elf/5.3.0/../../../../../H-x86_64-mingw32/nios2-elf/lib\libc.a(lib_a-reallocr.o)
                0x00000000000123dc                _realloc_r
 .text          0x0000000000012940        0x0 c:/intelfpga/18.1/nios2eds/bin/gnu/h-x86_64-mingw32/bin/../lib/gcc/nios2-elf/5.3.0/../../../../../H-x86_64-mingw32/nios2-elf/lib\libc.a(lib_a-s_fpclassify.o)
 .text.__fpclassifyd
                0x0000000000012940       0x74 c:/intelfpga/18.1/nios2eds/bin/gnu/h-x86_64-mingw32/bin/../lib/gcc/nios2-elf/5.3.0/../../../../../H-x86_64-mingw32/nios2-elf/lib\libc.a(lib_a-s_fpclassify.o)
                0x0000000000012940                __fpclassifyd
 .text          0x00000000000129b4        0x0 c:/intelfpga/18.1/nios2eds/bin/gnu/h-x86_64-mingw32/bin/../lib/gcc/nios2-elf/5.3.0/../../../../../H-x86_64-mingw32/nios2-elf/lib\libc.a(lib_a-strcmp.o)
 .text.strcmp   0x00000000000129b4       0xdc c:/intelfpga/18.1/nios2eds/bin/gnu/h-x86_64-mingw32/bin/../lib/gcc/nios2-elf/5.3.0/../../../../../H-x86_64-mingw32/nios2-elf/lib\libc.a(lib_a-strcmp.o)
                0x00000000000129b4                strcmp
 .text          0x0000000000012a90        0x0 c:/intelfpga/18.1/nios2eds/bin/gnu/h-x86_64-mingw32/bin/../lib/gcc/nios2-elf/5.3.0/../../../../../H-x86_64-mingw32/nios2-elf/lib\libc.a(lib_a-vfiprintf.o)
 .text.__sprint_r.part.0
                0x0000000000012a90       0xfc c:/intelfpga/18.1/nios2eds/bin/gnu/h-x86_64-mingw32/bin/../lib/gcc/nios2-elf/5.3.0/../../../../../H-x86_64-mingw32/nios2-elf/lib\libc.a(lib_a-vfiprintf.o)
 .text.__sprint_r
                0x0000000000012b8c       0x18 c:/intelfpga/18.1/nios2eds/bin/gnu/h-x86_64-mingw32/bin/../lib/gcc/nios2-elf/5.3.0/../../../../../H-x86_64-mingw32/nios2-elf/lib\libc.a(lib_a-vfiprintf.o)
                0x0000000000012b8c                __sprint_r
 .text.___vfiprintf_internal_r
                0x0000000000012ba4     0x145c c:/intelfpga/18.1/nios2eds/bin/gnu/h-x86_64-mingw32/bin/../lib/gcc/nios2-elf/5.3.0/../../../../../H-x86_64-mingw32/nios2-elf/lib\libc.a(lib_a-vfiprintf.o)
                0x0000000000012ba4                ___vfiprintf_internal_r
 .text.__vfiprintf_internal
                0x0000000000014000       0x1c c:/intelfpga/18.1/nios2eds/bin/gnu/h-x86_64-mingw32/bin/../lib/gcc/nios2-elf/5.3.0/../../../../../H-x86_64-mingw32/nios2-elf/lib\libc.a(lib_a-vfiprintf.o)
                0x0000000000014000                __vfiprintf_internal
 .text.__sbprintf
                0x000000000001401c       0xbc c:/intelfpga/18.1/nios2eds/bin/gnu/h-x86_64-mingw32/bin/../lib/gcc/nios2-elf/5.3.0/../../../../../H-x86_64-mingw32/nios2-elf/lib\libc.a(lib_a-vfiprintf.o)
 .text          0x00000000000140d8        0x0 c:/intelfpga/18.1/nios2eds/bin/gnu/h-x86_64-mingw32/bin/../lib/gcc/nios2-elf/5.3.0/../../../../../H-x86_64-mingw32/nios2-elf/lib\libc.a(lib_a-wbuf.o)
 .text.__swbuf_r
                0x00000000000140d8      0x140 c:/intelfpga/18.1/nios2eds/bin/gnu/h-x86_64-mingw32/bin/../lib/gcc/nios2-elf/5.3.0/../../../../../H-x86_64-mingw32/nios2-elf/lib\libc.a(lib_a-wbuf.o)
                0x00000000000140d8                __swbuf_r
 .text.__swbuf  0x0000000000014218       0x18 c:/intelfpga/18.1/nios2eds/bin/gnu/h-x86_64-mingw32/bin/../lib/gcc/nios2-elf/5.3.0/../../../../../H-x86_64-mingw32/nios2-elf/lib\libc.a(lib_a-wbuf.o)
                0x0000000000014218                __swbuf
 .text          0x0000000000014230        0x0 c:/intelfpga/18.1/nios2eds/bin/gnu/h-x86_64-mingw32/bin/../lib/gcc/nios2-elf/5.3.0/../../../../../H-x86_64-mingw32/nios2-elf/lib\libc.a(lib_a-callocr.o)
 .text._calloc_r
                0x0000000000014230       0xc4 c:/intelfpga/18.1/nios2eds/bin/gnu/h-x86_64-mingw32/bin/../lib/gcc/nios2-elf/5.3.0/../../../../../H-x86_64-mingw32/nios2-elf/lib\libc.a(lib_a-callocr.o)
                0x0000000000014230                _calloc_r
 .text          0x00000000000142f4        0x0 c:/intelfpga/18.1/nios2eds/bin/gnu/h-x86_64-mingw32/bin/../lib/gcc/nios2-elf/5.3.0/../../../../../H-x86_64-mingw32/nios2-elf/lib\libc.a(lib_a-fclose.o)
 .text._fclose_r
                0x00000000000142f4       0xf0 c:/intelfpga/18.1/nios2eds/bin/gnu/h-x86_64-mingw32/bin/../lib/gcc/nios2-elf/5.3.0/../../../../../H-x86_64-mingw32/nios2-elf/lib\libc.a(lib_a-fclose.o)
                0x00000000000142f4                _fclose_r
 .text.fclose   0x00000000000143e4       0x14 c:/intelfpga/18.1/nios2eds/bin/gnu/h-x86_64-mingw32/bin/../lib/gcc/nios2-elf/5.3.0/../../../../../H-x86_64-mingw32/nios2-elf/lib\libc.a(lib_a-fclose.o)
                0x00000000000143e4                fclose
 .text          0x00000000000143f8        0x0 c:/intelfpga/18.1/nios2eds/bin/gnu/h-x86_64-mingw32/bin/../lib/gcc/nios2-elf/5.3.0/../../../../../H-x86_64-mingw32/nios2-elf/lib\libc.a(lib_a-fputwc.o)
 .text.__fputwc
                0x00000000000143f8      0x164 c:/intelfpga/18.1/nios2eds/bin/gnu/h-x86_64-mingw32/bin/../lib/gcc/nios2-elf/5.3.0/../../../../../H-x86_64-mingw32/nios2-elf/lib\libc.a(lib_a-fputwc.o)
                0x00000000000143f8                __fputwc
 .text._fputwc_r
                0x000000000001455c       0x24 c:/intelfpga/18.1/nios2eds/bin/gnu/h-x86_64-mingw32/bin/../lib/gcc/nios2-elf/5.3.0/../../../../../H-x86_64-mingw32/nios2-elf/lib\libc.a(lib_a-fputwc.o)
                0x000000000001455c                _fputwc_r
 .text.fputwc   0x0000000000014580       0x80 c:/intelfpga/18.1/nios2eds/bin/gnu/h-x86_64-mingw32/bin/../lib/gcc/nios2-elf/5.3.0/../../../../../H-x86_64-mingw32/nios2-elf/lib\libc.a(lib_a-fputwc.o)
                0x0000000000014580                fputwc
 .text          0x0000000000014600        0x0 c:/intelfpga/18.1/nios2eds/bin/gnu/h-x86_64-mingw32/bin/../lib/gcc/nios2-elf/5.3.0/../../../../../H-x86_64-mingw32/nios2-elf/lib\libc.a(lib_a-wcrtomb.o)
 .text._wcrtomb_r
                0x0000000000014600       0x9c c:/intelfpga/18.1/nios2eds/bin/gnu/h-x86_64-mingw32/bin/../lib/gcc/nios2-elf/5.3.0/../../../../../H-x86_64-mingw32/nios2-elf/lib\libc.a(lib_a-wcrtomb.o)
                0x0000000000014600                _wcrtomb_r
 .text.wcrtomb  0x000000000001469c       0xc0 c:/intelfpga/18.1/nios2eds/bin/gnu/h-x86_64-mingw32/bin/../lib/gcc/nios2-elf/5.3.0/../../../../../H-x86_64-mingw32/nios2-elf/lib\libc.a(lib_a-wcrtomb.o)
                0x000000000001469c                wcrtomb
 .text          0x000000000001475c        0x0 c:/intelfpga/18.1/nios2eds/bin/gnu/h-x86_64-mingw32/bin/../lib/gcc/nios2-elf/5.3.0/../../../../../H-x86_64-mingw32/nios2-elf/lib\libc.a(lib_a-wctomb_r.o)
 .text.__ascii_wctomb
                0x000000000001475c       0x30 c:/intelfpga/18.1/nios2eds/bin/gnu/h-x86_64-mingw32/bin/../lib/gcc/nios2-elf/5.3.0/../../../../../H-x86_64-mingw32/nios2-elf/lib\libc.a(lib_a-wctomb_r.o)
                0x000000000001475c                __ascii_wctomb
 .text._wctomb_r
                0x000000000001478c       0x5c c:/intelfpga/18.1/nios2eds/bin/gnu/h-x86_64-mingw32/bin/../lib/gcc/nios2-elf/5.3.0/../../../../../H-x86_64-mingw32/nios2-elf/lib\libc.a(lib_a-wctomb_r.o)
                0x000000000001478c                _wctomb_r
 .text          0x00000000000147e8      0x578 c:/intelfpga/18.1/nios2eds/bin/gnu/h-x86_64-mingw32/bin/../lib/gcc/nios2-elf/5.3.0\libgcc.a(_udivdi3.o)
                0x00000000000147e8                __udivdi3
 .text          0x0000000000014d60      0x538 c:/intelfpga/18.1/nios2eds/bin/gnu/h-x86_64-mingw32/bin/../lib/gcc/nios2-elf/5.3.0\libgcc.a(_umoddi3.o)
                0x0000000000014d60                __umoddi3
 .text          0x0000000000015298       0xf4 c:/intelfpga/18.1/nios2eds/bin/gnu/h-x86_64-mingw32/bin/../lib/gcc/nios2-elf/5.3.0\libgcc.a(ledf2.o)
                0x0000000000015298                __ledf2
                0x0000000000015298                __ltdf2
 .text          0x000000000001538c       0xa8 c:/intelfpga/18.1/nios2eds/bin/gnu/h-x86_64-mingw32/bin/../lib/gcc/nios2-elf/5.3.0\libgcc.a(floatunsidf.o)
                0x000000000001538c                __floatunsidf
 .text          0x0000000000015434      0x10c ../relay_bsp/\libhal_bsp.a(alt_close.o)
                0x0000000000015470                close
 .text          0x0000000000015540       0x2c ../relay_bsp/\libhal_bsp.a(alt_dev.o)
 .text          0x000000000001556c        0x0 ../relay_bsp/\libhal_bsp.a(alt_errno.o)
 .text          0x000000000001556c       0xec ../relay_bsp/\libhal_bsp.a(alt_fstat.o)
                0x00000000000155a8                fstat
 .text          0x0000000000015658        0x0 ../relay_bsp/\libhal_bsp.a(alt_irq_handler.o)
 .text          0x0000000000015658        0x0 ../relay_bsp/\libhal_bsp.a(alt_irq_vars.o)
 .text          0x0000000000015658       0xe0 ../relay_bsp/\libhal_bsp.a(alt_isatty.o)
                0x0000000000015694                isatty
 .text          0x0000000000015738      0x110 ../relay_bsp/\libhal_bsp.a(alt_lseek.o)
                0x0000000000015774                lseek
 .text          0x0000000000015848       0x7c ../relay_bsp/\libhal_bsp.a(alt_main.o)
                0x0000000000015848                alt_main
 .text          0x00000000000158c4       0x48 ../relay_bsp/\libhal_bsp.a(alt_malloc_lock.o)
                0x00000000000158c4                __malloc_lock
                0x00000000000158e8                __malloc_unlock
 .text          0x000000000001590c      0x254 ../relay_bsp/\libhal_bsp.a(alt_open.o)
                0x0000000000015a0c                open
 .text          0x0000000000015b60      0x138 ../relay_bsp/\libhal_bsp.a(alt_read.o)
                0x0000000000015b9c                read
 .text          0x0000000000015c98       0x64 ../relay_bsp/\libhal_bsp.a(alt_release_fd.o)
                0x0000000000015c98                alt_release_fd
 .text          0x0000000000015cfc       0xb0 ../relay_bsp/\libhal_bsp.a(alt_sbrk.o)
                0x0000000000015cfc                sbrk
 .text          0x0000000000015dac      0x134 ../relay_bsp/\libhal_bsp.a(alt_write.o)
                0x0000000000015de8                write
 .text          0x0000000000015ee0      0x3c0 ../relay_bsp/\libhal_bsp.a(alt_sys_init.o)
                0x0000000000015f14                alt_irq_init
                0x0000000000015f4c                alt_sys_init
 .text          0x00000000000162a0      0x898 ../relay_bsp/\libhal_bsp.a(altera_avalon_cfi_flash.o)
                0x00000000000162d4                alt_flash_cfi_init
                0x0000000000016364                alt_flash_cfi_write
                0x000000000001660c                alt_flash_cfi_get_info
                0x0000000000016698                alt_flash_cfi_read
                0x00000000000166fc                alt_write_value_to_flash
                0x0000000000016858                alt_flash_program_block
 .text          0x0000000000016b38     0x1448 ../relay_bsp/\libhal_bsp.a(altera_avalon_cfi_flash_table.o)
                0x0000000000016b38                alt_read_query_entry_8bit
                0x0000000000016b74                alt_read_query_entry_16bit
                0x0000000000016bb4                alt_read_query_entry_32bit
                0x0000000000016bf4                alt_write_flash_command_8bit_device_8bit_mode
                0x0000000000016c38                alt_write_flash_command_16bit_device_8bit_mode
                0x0000000000016cb0                alt_write_flash_command_32bit_device_8bit_mode
                0x0000000000016d00                alt_write_flash_command_16bit_device_16bit_mode
                0x0000000000016d4c                alt_write_flash_command_32bit_device_16bit_mode
                0x0000000000016d9c                alt_write_flash_command_32bit_device_32bit_mode
                0x0000000000016dec                alt_write_native_8bit
                0x0000000000016e24                alt_write_native_16bit
                0x0000000000016e5c                alt_write_native_32bit
                0x0000000000016e90                alt_set_flash_width_func
                0x0000000000017054                alt_set_flash_algorithm_func
                0x0000000000017170                alt_read_cfi_table
                0x0000000000017738                alt_read_cfi_width
                0x0000000000017ea8                alt_check_primary_table
 .text          0x0000000000017f80      0x164 ../relay_bsp/\libhal_bsp.a(altera_avalon_jtag_uart_fd.o)
                0x0000000000017f80                altera_avalon_jtag_uart_read_fd
                0x0000000000017fe0                altera_avalon_jtag_uart_write_fd
                0x0000000000018040                altera_avalon_jtag_uart_close_fd
                0x0000000000018090                altera_avalon_jtag_uart_ioctl_fd
 .text          0x00000000000180e4      0x3cc ../relay_bsp/\libhal_bsp.a(altera_avalon_jtag_uart_init.o)
                0x00000000000180e4                altera_avalon_jtag_uart_init
                0x0000000000018448                altera_avalon_jtag_uart_close
 .text          0x00000000000184b0       0xf0 ../relay_bsp/\libhal_bsp.a(altera_avalon_jtag_uart_ioctl.o)
                0x00000000000184b0                altera_avalon_jtag_uart_ioctl
 .text          0x00000000000185a0      0x21c ../relay_bsp/\libhal_bsp.a(altera_avalon_jtag_uart_read.o)
                0x00000000000185a0                altera_avalon_jtag_uart_read
 .text          0x00000000000187bc      0x224 ../relay_bsp/\libhal_bsp.a(altera_avalon_jtag_uart_write.o)
                0x00000000000187bc                altera_avalon_jtag_uart_write
 .text          0x00000000000189e0      0xe78 ../relay_bsp/\libhal_bsp.a(altera_avalon_lcd_16207.o)
                0x00000000000191a8                altera_avalon_lcd_16207_write
                0x0000000000019728                altera_avalon_lcd_16207_init
 .text          0x0000000000019858       0x60 ../relay_bsp/\libhal_bsp.a(altera_avalon_lcd_16207_fd.o)
                0x0000000000019858                altera_avalon_lcd_16207_write_fd
 .text          0x00000000000198b8       0xf0 ../relay_bsp/\libhal_bsp.a(altera_avalon_timer_sc.o)
                0x0000000000019934                alt_avalon_timer_sc_init
 .text          0x00000000000199a8      0x110 ../relay_bsp/\libhal_bsp.a(altera_avalon_uart_fd.o)
                0x00000000000199a8                altera_avalon_uart_read_fd
                0x0000000000019a08                altera_avalon_uart_write_fd
                0x0000000000019a68                altera_avalon_uart_close_fd
 .text          0x0000000000019ab8      0x3c4 ../relay_bsp/\libhal_bsp.a(altera_avalon_uart_init.o)
                0x0000000000019ab8                altera_avalon_uart_init
                0x0000000000019e28                altera_avalon_uart_close
 .text          0x0000000000019e7c      0x218 ../relay_bsp/\libhal_bsp.a(altera_avalon_uart_read.o)
                0x0000000000019eb8                altera_avalon_uart_read
 .text          0x000000000001a094      0x1e8 ../relay_bsp/\libhal_bsp.a(altera_avalon_uart_write.o)
                0x000000000001a0d0                altera_avalon_uart_write
 .text          0x000000000001a27c      0x6b0 ../relay_bsp/\libhal_bsp.a(altera_up_avalon_ps2.o)
                0x000000000001a27c                read_RI_bit
                0x000000000001a2b0                read_RE_bit
                0x000000000001a2e0                read_CE_bit
                0x000000000001a314                read_num_bytes_available
                0x000000000001a344                read_data_valid
                0x000000000001a378                read_data_byte
                0x000000000001a3a4                alt_up_ps2_init
                0x000000000001a46c                alt_up_ps2_enable_read_interrupt
                0x000000000001a4c8                alt_up_ps2_disable_read_interrupt
                0x000000000001a528                alt_up_ps2_write_data_byte
                0x000000000001a59c                alt_up_ps2_wait_for_ack
                0x000000000001a604                alt_up_ps2_write_data_byte_with_ack
                0x000000000001a668                alt_up_ps2_read_data_byte_timeout
                0x000000000001a704                alt_up_ps2_read_data_byte
                0x000000000001a774                alt_up_ps2_clear_fifo
                0x000000000001a7cc                alt_up_ps2_read_fd
                0x000000000001a858                alt_up_ps2_write_fd
                0x000000000001a8f0                alt_up_ps2_open_dev
 .text          0x000000000001a92c      0x2e0 ../relay_bsp/\libhal_bsp.a(altera_up_avalon_video_character_buffer_with_dma.o)
                0x000000000001a92c                alt_up_char_buffer_init
                0x000000000001a9ac                alt_up_char_buffer_open_dev
                0x000000000001a9e8                alt_up_char_buffer_draw
                0x000000000001aab4                alt_up_char_buffer_string
                0x000000000001abb0                alt_up_char_buffer_clear
 .text          0x000000000001ac0c      0xeb4 ../relay_bsp/\libhal_bsp.a(altera_up_avalon_video_pixel_buffer_dma.o)
                0x000000000001ac0c                alt_up_pixel_buffer_dma_open_dev
                0x000000000001ac48                alt_up_pixel_buffer_dma_draw
                0x000000000001addc                alt_up_pixel_buffer_dma_change_back_buffer_address
                0x000000000001ae38                alt_up_pixel_buffer_dma_swap_buffers
                0x000000000001ae98                alt_up_pixel_buffer_dma_check_swap_buffers_status
                0x000000000001aecc                alt_up_pixel_buffer_dma_clear_screen
                0x000000000001aff4                alt_up_pixel_buffer_dma_draw_box
                0x000000000001b2d0                alt_up_pixel_buffer_dma_draw_hline
                0x000000000001b4e0                alt_up_pixel_buffer_dma_draw_vline
                0x000000000001b72c                alt_up_pixel_buffer_dma_draw_rectangle
                0x000000000001b7f4                helper_plot_pixel
                0x000000000001b878                alt_up_pixel_buffer_dma_draw_line
 .text          0x000000000001bac0      0x5dc ../relay_bsp/\libhal_bsp.a(altera_up_ps2_keyboard.o)
                0x000000000001bac0                get_multi_byte_make_code_index
                0x000000000001bb30                get_single_byte_make_code_index
                0x000000000001bba0                get_next_state
                0x000000000001bdec                decode_scancode
                0x000000000001bea8                set_keyboard_rate
                0x000000000001bf0c                translate_make_code
                0x000000000001c024                reset_keyboard
 .text          0x000000000001c09c      0x12c ../relay_bsp/\libhal_bsp.a(alt_alarm_start.o)
                0x000000000001c09c                alt_alarm_start
 .text          0x000000000001c1c8       0x78 ../relay_bsp/\libhal_bsp.a(alt_dcache_flush.o)
                0x000000000001c1c8                alt_dcache_flush
 .text          0x000000000001c240       0xe0 ../relay_bsp/\libhal_bsp.a(alt_dev_llist_insert.o)
                0x000000000001c27c                alt_dev_llist_insert
 .text          0x000000000001c320       0x60 ../relay_bsp/\libhal_bsp.a(alt_do_ctors.o)
                0x000000000001c320                _do_ctors
 .text          0x000000000001c380       0x60 ../relay_bsp/\libhal_bsp.a(alt_do_dtors.o)
                0x000000000001c380                _do_dtors
 .text          0x000000000001c3e0       0x90 ../relay_bsp/\libhal_bsp.a(alt_find_dev.o)
                0x000000000001c3e0                alt_find_dev
 .text          0x000000000001c470      0x108 ../relay_bsp/\libhal_bsp.a(alt_find_file.o)
                0x000000000001c470                alt_find_file
 .text          0x000000000001c578       0xbc ../relay_bsp/\libhal_bsp.a(alt_flash_dev.o)
                0x000000000001c578                alt_flash_open_dev
                0x000000000001c5e0                alt_flash_close_dev
 .text          0x000000000001c634       0xa4 ../relay_bsp/\libhal_bsp.a(alt_get_fd.o)
                0x000000000001c634                alt_get_fd
 .text          0x000000000001c6d8      0x140 ../relay_bsp/\libhal_bsp.a(alt_io_redirect.o)
                0x000000000001c79c                alt_io_redirect
 .text          0x000000000001c818      0x1a4 ../relay_bsp/\libhal_bsp.a(alt_tick.o)
                0x000000000001c818                alt_alarm_stop
                0x000000000001c8b4                alt_tick
 .text          0x000000000001c9bc       0x30 ../relay_bsp/\libhal_bsp.a(alt_usleep.o)
                0x000000000001c9bc                usleep
 .text          0x000000000001c9ec       0x24 ../relay_bsp/\libhal_bsp.a(altera_nios2_qsys_irq.o)
                0x000000000001c9ec                altera_nios2_qsys_irq_init
 .text          0x000000000001ca10      0x460 ../relay_bsp/\libhal_bsp.a(altera_avalon_cfi_flash_amd.o)
                0x000000000001ca10                alt_program_amd
                0x000000000001ca78                alt_erase_block_amd
 .text          0x000000000001ce70      0x45c ../relay_bsp/\libhal_bsp.a(altera_avalon_cfi_flash_intel.o)
                0x000000000001ce70                alt_program_intel
                0x000000000001cef0                alt_erase_block_intel
 .text          0x000000000001d2cc      0x128 ../relay_bsp/\libhal_bsp.a(alt_busy_sleep.o)
                0x000000000001d2cc                alt_busy_sleep
 .text          0x000000000001d3f4        0x0 c:/intelfpga/18.1/nios2eds/bin/gnu/h-x86_64-mingw32/bin/../lib/gcc/nios2-elf/5.3.0/../../../../../H-x86_64-mingw32/nios2-elf/lib\libc.a(lib_a-atexit.o)
 .text.atexit   0x000000000001d3f4       0x14 c:/intelfpga/18.1/nios2eds/bin/gnu/h-x86_64-mingw32/bin/../lib/gcc/nios2-elf/5.3.0/../../../../../H-x86_64-mingw32/nios2-elf/lib\libc.a(lib_a-atexit.o)
                0x000000000001d3f4                atexit
 .text          0x000000000001d408        0x0 c:/intelfpga/18.1/nios2eds/bin/gnu/h-x86_64-mingw32/bin/../lib/gcc/nios2-elf/5.3.0/../../../../../H-x86_64-mingw32/nios2-elf/lib\libc.a(lib_a-ctype_.o)
 .text          0x000000000001d408        0x0 c:/intelfpga/18.1/nios2eds/bin/gnu/h-x86_64-mingw32/bin/../lib/gcc/nios2-elf/5.3.0/../../../../../H-x86_64-mingw32/nios2-elf/lib\libc.a(lib_a-exit.o)
 .text.exit     0x000000000001d408       0x38 c:/intelfpga/18.1/nios2eds/bin/gnu/h-x86_64-mingw32/bin/../lib/gcc/nios2-elf/5.3.0/../../../../../H-x86_64-mingw32/nios2-elf/lib\libc.a(lib_a-exit.o)
                0x000000000001d408                exit
 .text          0x000000000001d440        0x0 c:/intelfpga/18.1/nios2eds/bin/gnu/h-x86_64-mingw32/bin/../lib/gcc/nios2-elf/5.3.0/../../../../../H-x86_64-mingw32/nios2-elf/lib\libc.a(lib_a-strcpy.o)
 .text.strcpy   0x000000000001d440       0x90 c:/intelfpga/18.1/nios2eds/bin/gnu/h-x86_64-mingw32/bin/../lib/gcc/nios2-elf/5.3.0/../../../../../H-x86_64-mingw32/nios2-elf/lib\libc.a(lib_a-strcpy.o)
                0x000000000001d440                strcpy
 .text          0x000000000001d4d0        0x0 c:/intelfpga/18.1/nios2eds/bin/gnu/h-x86_64-mingw32/bin/../lib/gcc/nios2-elf/5.3.0/../../../../../H-x86_64-mingw32/nios2-elf/lib\libc.a(lib_a-__atexit.o)
 .text.__register_exitproc
                0x000000000001d4d0      0x118 c:/intelfpga/18.1/nios2eds/bin/gnu/h-x86_64-mingw32/bin/../lib/gcc/nios2-elf/5.3.0/../../../../../H-x86_64-mingw32/nios2-elf/lib\libc.a(lib_a-__atexit.o)
                0x000000000001d4d0                __register_exitproc
 .text          0x000000000001d5e8        0x0 c:/intelfpga/18.1/nios2eds/bin/gnu/h-x86_64-mingw32/bin/../lib/gcc/nios2-elf/5.3.0/../../../../../H-x86_64-mingw32/nios2-elf/lib\libc.a(lib_a-__call_atexit.o)
 .text.__call_exitprocs
                0x000000000001d5e8      0x180 c:/intelfpga/18.1/nios2eds/bin/gnu/h-x86_64-mingw32/bin/../lib/gcc/nios2-elf/5.3.0/../../../../../H-x86_64-mingw32/nios2-elf/lib\libc.a(lib_a-__call_atexit.o)
                0x000000000001d5e8                __call_exitprocs
 .text          0x000000000001d768       0x34 ../relay_bsp/\libhal_bsp.a(alt_exit.o)
                0x000000000001d768                _exit
 *(.gnu.warning.*)
 *(.fini)
                [!provide]                        PROVIDE (__etext, ABSOLUTE (.))
                [!provide]                        PROVIDE (_etext, ABSOLUTE (.))
                [!provide]                        PROVIDE (etext, ABSOLUTE (.))
 *(.eh_frame_hdr)
                0x000000000001d79c                . = ALIGN (0x4)
                [!provide]                        PROVIDE (__preinit_array_start, ABSOLUTE (.))
 *(.preinit_array)
                [!provide]                        PROVIDE (__preinit_array_end, ABSOLUTE (.))
                [!provide]                        PROVIDE (__init_array_start, ABSOLUTE (.))
 *(.init_array)
                [!provide]                        PROVIDE (__init_array_end, ABSOLUTE (.))
                [!provide]                        PROVIDE (__fini_array_start, ABSOLUTE (.))
 *(.fini_array)
                [!provide]                        PROVIDE (__fini_array_end, ABSOLUTE (.))
 *(.eh_frame)
 *(.gcc_except_table .gcc_except_table.*)
 *(.dynamic)
                0x000000000001d79c                PROVIDE (__CTOR_LIST__, ABSOLUTE (.))
 *(.ctors)
 *(SORT(.ctors.*))
                0x000000000001d79c                PROVIDE (__CTOR_END__, ABSOLUTE (.))
                0x000000000001d79c                PROVIDE (__DTOR_LIST__, ABSOLUTE (.))
 *(.dtors)
 *(SORT(.dtors.*))
                0x000000000001d79c                PROVIDE (__DTOR_END__, ABSOLUTE (.))
 *(.jcr)
                0x000000000001d79c                . = ALIGN (0x4)

.rodata         0x0000000008000000      0xc98
                [!provide]                        PROVIDE (__ram_rodata_start, ABSOLUTE (.))
                0x0000000008000000                . = ALIGN (0x4)
 *(.rodata .rodata.* .gnu.linkonce.r.*)
 .rodata        0x0000000008000000       0x34 obj/default/freertos/port.o
 .rodata        0x0000000008000034       0x19 obj/default/freertos/tasks.o
 *fill*         0x000000000800004d        0x3 
 .rodata        0x0000000008000050        0x8 obj/default/freertos/timers.o
 .rodata        0x0000000008000058       0x81 obj/default/main.o
 *fill*         0x00000000080000d9        0x3 
 .rodata        0x00000000080000dc       0x70 obj/default/tasks.o
 .rodata        0x000000000800014c       0x36 obj/default/tasks/loadCtrlTask.o
 *fill*         0x0000000008000182        0x2 
 .rodata        0x0000000008000184       0x5d obj/default/tasks/stabilityMonitorTask.o
 *fill*         0x00000000080001e1        0x3 
 .rodata        0x00000000080001e4       0x19 obj/default/tasks/switchPollingTask.o
 *fill*         0x00000000080001fd        0x3 
 .rodata        0x0000000008000200      0x227 obj/default/tasks/vgaTask.o
 .rodata        0x0000000008000427      0x100 c:/intelfpga/18.1/nios2eds/bin/gnu/h-x86_64-mingw32/bin/../lib/gcc/nios2-elf/5.3.0\libgcc.a(_clz.o)
                0x0000000008000427                __clz_tab
 *fill*         0x0000000008000527        0x1 
 .rodata.str1.4
                0x0000000008000528        0x2 c:/intelfpga/18.1/nios2eds/bin/gnu/h-x86_64-mingw32/bin/../lib/gcc/nios2-elf/5.3.0/../../../../../H-x86_64-mingw32/nios2-elf/lib\libc.a(lib_a-impure.o)
 *fill*         0x000000000800052a        0x2 
 .rodata.str1.4
                0x000000000800052c        0x2 c:/intelfpga/18.1/nios2eds/bin/gnu/h-x86_64-mingw32/bin/../lib/gcc/nios2-elf/5.3.0/../../../../../H-x86_64-mingw32/nios2-elf/lib\libc.a(lib_a-puts.o)
 *fill*         0x000000000800052e        0x2 
 .rodata.str1.4
                0x0000000008000530       0x42 c:/intelfpga/18.1/nios2eds/bin/gnu/h-x86_64-mingw32/bin/../lib/gcc/nios2-elf/5.3.0/../../../../../H-x86_64-mingw32/nios2-elf/lib\libc.a(lib_a-vfprintf.o)
 .rodata.zeroes.4404
                0x0000000008000572       0x10 c:/intelfpga/18.1/nios2eds/bin/gnu/h-x86_64-mingw32/bin/../lib/gcc/nios2-elf/5.3.0/../../../../../H-x86_64-mingw32/nios2-elf/lib\libc.a(lib_a-vfprintf.o)
 .rodata.blanks.4403
                0x0000000008000582       0x10 c:/intelfpga/18.1/nios2eds/bin/gnu/h-x86_64-mingw32/bin/../lib/gcc/nios2-elf/5.3.0/../../../../../H-x86_64-mingw32/nios2-elf/lib\libc.a(lib_a-vfprintf.o)
 *fill*         0x0000000008000592        0x2 
 .rodata.str1.4
                0x0000000008000594       0x10 c:/intelfpga/18.1/nios2eds/bin/gnu/h-x86_64-mingw32/bin/../lib/gcc/nios2-elf/5.3.0/../../../../../H-x86_64-mingw32/nios2-elf/lib\libc.a(lib_a-dtoa.o)
                                         0x12 (size before relaxing)
 .rodata.str1.4
                0x00000000080005a4        0xc c:/intelfpga/18.1/nios2eds/bin/gnu/h-x86_64-mingw32/bin/../lib/gcc/nios2-elf/5.3.0/../../../../../H-x86_64-mingw32/nios2-elf/lib\libc.a(lib_a-locale.o)
                                         0x12 (size before relaxing)
 .rodata.p05.2768
                0x00000000080005b0        0xc c:/intelfpga/18.1/nios2eds/bin/gnu/h-x86_64-mingw32/bin/../lib/gcc/nios2-elf/5.3.0/../../../../../H-x86_64-mingw32/nios2-elf/lib\libc.a(lib_a-mprec.o)
 .rodata.__mprec_tinytens
                0x00000000080005bc       0x28 c:/intelfpga/18.1/nios2eds/bin/gnu/h-x86_64-mingw32/bin/../lib/gcc/nios2-elf/5.3.0/../../../../../H-x86_64-mingw32/nios2-elf/lib\libc.a(lib_a-mprec.o)
                0x00000000080005bc                __mprec_tinytens
 .rodata.__mprec_bigtens
                0x00000000080005e4       0x28 c:/intelfpga/18.1/nios2eds/bin/gnu/h-x86_64-mingw32/bin/../lib/gcc/nios2-elf/5.3.0/../../../../../H-x86_64-mingw32/nios2-elf/lib\libc.a(lib_a-mprec.o)
                0x00000000080005e4                __mprec_bigtens
 .rodata.__mprec_tens
                0x000000000800060c       0xc8 c:/intelfpga/18.1/nios2eds/bin/gnu/h-x86_64-mingw32/bin/../lib/gcc/nios2-elf/5.3.0/../../../../../H-x86_64-mingw32/nios2-elf/lib\libc.a(lib_a-mprec.o)
                0x000000000800060c                __mprec_tens
 .rodata.str1.4
                0x00000000080006d4       0x2f c:/intelfpga/18.1/nios2eds/bin/gnu/h-x86_64-mingw32/bin/../lib/gcc/nios2-elf/5.3.0/../../../../../H-x86_64-mingw32/nios2-elf/lib\libc.a(lib_a-vfiprintf.o)
 .rodata.zeroes.4349
                0x00000000080006d4       0x10 c:/intelfpga/18.1/nios2eds/bin/gnu/h-x86_64-mingw32/bin/../lib/gcc/nios2-elf/5.3.0/../../../../../H-x86_64-mingw32/nios2-elf/lib\libc.a(lib_a-vfiprintf.o)
 .rodata.blanks.4348
                0x00000000080006e4       0x10 c:/intelfpga/18.1/nios2eds/bin/gnu/h-x86_64-mingw32/bin/../lib/gcc/nios2-elf/5.3.0/../../../../../H-x86_64-mingw32/nios2-elf/lib\libc.a(lib_a-vfiprintf.o)
 .rodata        0x00000000080006f4        0xa ../relay_bsp/\libhal_bsp.a(alt_dev.o)
 *fill*         0x00000000080006fe        0x2 
 .rodata        0x0000000008000700        0xf ../relay_bsp/\libhal_bsp.a(alt_main.o)
 *fill*         0x000000000800070f        0x1 
 .rodata        0x0000000008000710       0xb0 ../relay_bsp/\libhal_bsp.a(alt_sys_init.o)
 .rodata        0x00000000080007c0       0x1a ../relay_bsp/\libhal_bsp.a(altera_up_avalon_video_character_buffer_with_dma.o)
 *fill*         0x00000000080007da        0x2 
 .rodata        0x00000000080007dc      0x239 ../relay_bsp/\libhal_bsp.a(altera_up_ps2_keyboard.o)
 .rodata._ctype_
                0x0000000008000a15      0x101 c:/intelfpga/18.1/nios2eds/bin/gnu/h-x86_64-mingw32/bin/../lib/gcc/nios2-elf/5.3.0/../../../../../H-x86_64-mingw32/nios2-elf/lib\libc.a(lib_a-ctype_.o)
                0x0000000008000a15                _ctype_
 .rodata._ctype_b
                0x0000000008000b16      0x180 c:/intelfpga/18.1/nios2eds/bin/gnu/h-x86_64-mingw32/bin/../lib/gcc/nios2-elf/5.3.0/../../../../../H-x86_64-mingw32/nios2-elf/lib\libc.a(lib_a-ctype_.o)
 *(.rodata1)
                0x0000000008000c98                . = ALIGN (0x4)
 *fill*         0x0000000008000c96        0x2 
                [!provide]                        PROVIDE (__ram_rodata_end, ABSOLUTE (.))
                [!provide]                        PROVIDE (__flash_rodata_start, LOADADDR (.rodata))

.rwdata         0x0000000008000c98     0x2170
                [!provide]                        PROVIDE (__ram_rwdata_start, ABSOLUTE (.))
                0x0000000008000c98                . = ALIGN (0x4)
 *(.got.plt)
 *(.got)
 *(.data1)
 *(.data .data.* .gnu.linkonce.d.*)
 .data          0x0000000008000c98        0x0 ../relay_bsp//obj/HAL/src/crt0.o
 .data          0x0000000008000c98        0x0 obj/default/freertos/croutine.o
 .data          0x0000000008000c98        0x0 obj/default/freertos/event_groups.o
 .data          0x0000000008000c98        0x0 obj/default/freertos/heap.o
 .data          0x0000000008000c98        0x0 obj/default/freertos/list.o
 .data          0x0000000008000c98        0x0 obj/default/freertos/port.o
 .data          0x0000000008000c98        0x0 obj/default/freertos/queue.o
 .data          0x0000000008000c98        0x0 obj/default/freertos/tasks.o
 .data          0x0000000008000c98        0x0 obj/default/freertos/timers.o
 .data          0x0000000008000c98        0x0 obj/default/globals.o
 .data          0x0000000008000c98        0x0 obj/default/main.o
 .data          0x0000000008000c98        0x0 obj/default/queues.o
 .data          0x0000000008000c98        0x0 obj/default/tasks.o
 .data          0x0000000008000c98        0x0 obj/default/tasks/ledTask.o
 .data          0x0000000008000c98        0x0 obj/default/tasks/loadCtrlTask.o
 .data          0x0000000008000c98        0x0 obj/default/tasks/shouldReconnectTask.o
 .data          0x0000000008000c98        0x0 obj/default/tasks/shouldShedTask.o
 .data          0x0000000008000c98        0x0 obj/default/tasks/stabilityMonitorTask.o
 .data          0x0000000008000c98        0x0 obj/default/tasks/switchPollingTask.o
 .data          0x0000000008000c98        0x0 obj/default/tasks/vgaTask.o
 .data          0x0000000008000c98        0x0 obj/default/freertos/port_asm.o
 .data          0x0000000008000c98        0x0 c:/intelfpga/18.1/nios2eds/bin/gnu/h-x86_64-mingw32/bin/../lib/gcc/nios2-elf/5.3.0\libgcc.a(_fixunssfsi.o)
 .data          0x0000000008000c98        0x0 c:/intelfpga/18.1/nios2eds/bin/gnu/h-x86_64-mingw32/bin/../lib/gcc/nios2-elf/5.3.0\libgcc.a(divsf3.o)
 .data          0x0000000008000c98        0x0 c:/intelfpga/18.1/nios2eds/bin/gnu/h-x86_64-mingw32/bin/../lib/gcc/nios2-elf/5.3.0\libgcc.a(gesf2.o)
 .data          0x0000000008000c98        0x0 c:/intelfpga/18.1/nios2eds/bin/gnu/h-x86_64-mingw32/bin/../lib/gcc/nios2-elf/5.3.0\libgcc.a(mulsf3.o)
 .data          0x0000000008000c98        0x0 c:/intelfpga/18.1/nios2eds/bin/gnu/h-x86_64-mingw32/bin/../lib/gcc/nios2-elf/5.3.0\libgcc.a(subsf3.o)
 .data          0x0000000008000c98        0x0 c:/intelfpga/18.1/nios2eds/bin/gnu/h-x86_64-mingw32/bin/../lib/gcc/nios2-elf/5.3.0\libgcc.a(fixsfsi.o)
 .data          0x0000000008000c98        0x0 c:/intelfpga/18.1/nios2eds/bin/gnu/h-x86_64-mingw32/bin/../lib/gcc/nios2-elf/5.3.0\libgcc.a(floatsisf.o)
 .data          0x0000000008000c98        0x0 c:/intelfpga/18.1/nios2eds/bin/gnu/h-x86_64-mingw32/bin/../lib/gcc/nios2-elf/5.3.0\libgcc.a(floatunsisf.o)
 .data          0x0000000008000c98        0x0 c:/intelfpga/18.1/nios2eds/bin/gnu/h-x86_64-mingw32/bin/../lib/gcc/nios2-elf/5.3.0\libgcc.a(adddf3.o)
 .data          0x0000000008000c98        0x0 c:/intelfpga/18.1/nios2eds/bin/gnu/h-x86_64-mingw32/bin/../lib/gcc/nios2-elf/5.3.0\libgcc.a(divdf3.o)
 .data          0x0000000008000c98        0x0 c:/intelfpga/18.1/nios2eds/bin/gnu/h-x86_64-mingw32/bin/../lib/gcc/nios2-elf/5.3.0\libgcc.a(eqdf2.o)
 .data          0x0000000008000c98        0x0 c:/intelfpga/18.1/nios2eds/bin/gnu/h-x86_64-mingw32/bin/../lib/gcc/nios2-elf/5.3.0\libgcc.a(gedf2.o)
 .data          0x0000000008000c98        0x0 c:/intelfpga/18.1/nios2eds/bin/gnu/h-x86_64-mingw32/bin/../lib/gcc/nios2-elf/5.3.0\libgcc.a(muldf3.o)
 .data          0x0000000008000c98        0x0 c:/intelfpga/18.1/nios2eds/bin/gnu/h-x86_64-mingw32/bin/../lib/gcc/nios2-elf/5.3.0\libgcc.a(subdf3.o)
 .data          0x0000000008000c98        0x0 c:/intelfpga/18.1/nios2eds/bin/gnu/h-x86_64-mingw32/bin/../lib/gcc/nios2-elf/5.3.0\libgcc.a(fixdfsi.o)
 .data          0x0000000008000c98        0x0 c:/intelfpga/18.1/nios2eds/bin/gnu/h-x86_64-mingw32/bin/../lib/gcc/nios2-elf/5.3.0\libgcc.a(floatsidf.o)
 .data          0x0000000008000c98        0x0 c:/intelfpga/18.1/nios2eds/bin/gnu/h-x86_64-mingw32/bin/../lib/gcc/nios2-elf/5.3.0\libgcc.a(extendsfdf2.o)
 .data          0x0000000008000c98        0x0 c:/intelfpga/18.1/nios2eds/bin/gnu/h-x86_64-mingw32/bin/../lib/gcc/nios2-elf/5.3.0\libgcc.a(_clzsi2.o)
 .data          0x0000000008000c98        0x0 c:/intelfpga/18.1/nios2eds/bin/gnu/h-x86_64-mingw32/bin/../lib/gcc/nios2-elf/5.3.0\libgcc.a(lib2-divmod.o)
 .data          0x0000000008000c98        0x0 c:/intelfpga/18.1/nios2eds/bin/gnu/h-x86_64-mingw32/bin/../lib/gcc/nios2-elf/5.3.0\libgcc.a(_clz.o)
 .data          0x0000000008000c98        0x0 c:/intelfpga/18.1/nios2eds/bin/gnu/h-x86_64-mingw32/bin/../lib/gcc/nios2-elf/5.3.0/../../../../../H-x86_64-mingw32/nios2-elf/lib\libc.a(lib_a-fopen.o)
 .data          0x0000000008000c98        0x0 c:/intelfpga/18.1/nios2eds/bin/gnu/h-x86_64-mingw32/bin/../lib/gcc/nios2-elf/5.3.0/../../../../../H-x86_64-mingw32/nios2-elf/lib\libc.a(lib_a-fprintf.o)
 .data          0x0000000008000c98        0x0 c:/intelfpga/18.1/nios2eds/bin/gnu/h-x86_64-mingw32/bin/../lib/gcc/nios2-elf/5.3.0/../../../../../H-x86_64-mingw32/nios2-elf/lib\libc.a(lib_a-fseek.o)
 .data          0x0000000008000c98        0x0 c:/intelfpga/18.1/nios2eds/bin/gnu/h-x86_64-mingw32/bin/../lib/gcc/nios2-elf/5.3.0/../../../../../H-x86_64-mingw32/nios2-elf/lib\libc.a(lib_a-fseeko.o)
 .data          0x0000000008000c98        0x0 c:/intelfpga/18.1/nios2eds/bin/gnu/h-x86_64-mingw32/bin/../lib/gcc/nios2-elf/5.3.0/../../../../../H-x86_64-mingw32/nios2-elf/lib\libc.a(lib_a-fstatr.o)
 .data          0x0000000008000c98        0x0 c:/intelfpga/18.1/nios2eds/bin/gnu/h-x86_64-mingw32/bin/../lib/gcc/nios2-elf/5.3.0/../../../../../H-x86_64-mingw32/nios2-elf/lib\libc.a(lib_a-impure.o)
 .data.impure_data
                0x0000000008000c98      0x424 c:/intelfpga/18.1/nios2eds/bin/gnu/h-x86_64-mingw32/bin/../lib/gcc/nios2-elf/5.3.0/../../../../../H-x86_64-mingw32/nios2-elf/lib\libc.a(lib_a-impure.o)
 .data          0x00000000080010bc        0x0 c:/intelfpga/18.1/nios2eds/bin/gnu/h-x86_64-mingw32/bin/../lib/gcc/nios2-elf/5.3.0/../../../../../H-x86_64-mingw32/nios2-elf/lib\libc.a(lib_a-int_errno.o)
 .data          0x00000000080010bc        0x0 c:/intelfpga/18.1/nios2eds/bin/gnu/h-x86_64-mingw32/bin/../lib/gcc/nios2-elf/5.3.0/../../../../../H-x86_64-mingw32/nios2-elf/lib\libc.a(lib_a-makebuf.o)
 .data          0x00000000080010bc        0x0 c:/intelfpga/18.1/nios2eds/bin/gnu/h-x86_64-mingw32/bin/../lib/gcc/nios2-elf/5.3.0/../../../../../H-x86_64-mingw32/nios2-elf/lib\libc.a(lib_a-mallocr.o)
 .data.__malloc_av_
                0x00000000080010bc      0x408 c:/intelfpga/18.1/nios2eds/bin/gnu/h-x86_64-mingw32/bin/../lib/gcc/nios2-elf/5.3.0/../../../../../H-x86_64-mingw32/nios2-elf/lib\libc.a(lib_a-mallocr.o)
                0x00000000080010bc                __malloc_av_
 .data          0x00000000080014c4        0x0 c:/intelfpga/18.1/nios2eds/bin/gnu/h-x86_64-mingw32/bin/../lib/gcc/nios2-elf/5.3.0/../../../../../H-x86_64-mingw32/nios2-elf/lib\libc.a(lib_a-memcmp.o)
 .data          0x00000000080014c4        0x0 c:/intelfpga/18.1/nios2eds/bin/gnu/h-x86_64-mingw32/bin/../lib/gcc/nios2-elf/5.3.0/../../../../../H-x86_64-mingw32/nios2-elf/lib\libc.a(lib_a-memcpy.o)
 .data          0x00000000080014c4        0x0 c:/intelfpga/18.1/nios2eds/bin/gnu/h-x86_64-mingw32/bin/../lib/gcc/nios2-elf/5.3.0/../../../../../H-x86_64-mingw32/nios2-elf/lib\libc.a(lib_a-memset.o)
 .data          0x00000000080014c4        0x0 c:/intelfpga/18.1/nios2eds/bin/gnu/h-x86_64-mingw32/bin/../lib/gcc/nios2-elf/5.3.0/../../../../../H-x86_64-mingw32/nios2-elf/lib\libc.a(lib_a-openr.o)
 .data          0x00000000080014c4        0x0 c:/intelfpga/18.1/nios2eds/bin/gnu/h-x86_64-mingw32/bin/../lib/gcc/nios2-elf/5.3.0/../../../../../H-x86_64-mingw32/nios2-elf/lib\libc.a(lib_a-printf.o)
 .data          0x00000000080014c4        0x0 c:/intelfpga/18.1/nios2eds/bin/gnu/h-x86_64-mingw32/bin/../lib/gcc/nios2-elf/5.3.0/../../../../../H-x86_64-mingw32/nios2-elf/lib\libc.a(lib_a-putchar.o)
 .data          0x00000000080014c4        0x0 c:/intelfpga/18.1/nios2eds/bin/gnu/h-x86_64-mingw32/bin/../lib/gcc/nios2-elf/5.3.0/../../../../../H-x86_64-mingw32/nios2-elf/lib\libc.a(lib_a-puts.o)
 .data          0x00000000080014c4        0x0 c:/intelfpga/18.1/nios2eds/bin/gnu/h-x86_64-mingw32/bin/../lib/gcc/nios2-elf/5.3.0/../../../../../H-x86_64-mingw32/nios2-elf/lib\libc.a(lib_a-refill.o)
 .data          0x00000000080014c4        0x0 c:/intelfpga/18.1/nios2eds/bin/gnu/h-x86_64-mingw32/bin/../lib/gcc/nios2-elf/5.3.0/../../../../../H-x86_64-mingw32/nios2-elf/lib\libc.a(lib_a-sbrkr.o)
 .data          0x00000000080014c4        0x0 c:/intelfpga/18.1/nios2eds/bin/gnu/h-x86_64-mingw32/bin/../lib/gcc/nios2-elf/5.3.0/../../../../../H-x86_64-mingw32/nios2-elf/lib\libc.a(lib_a-stdio.o)
 .data          0x00000000080014c4        0x0 c:/intelfpga/18.1/nios2eds/bin/gnu/h-x86_64-mingw32/bin/../lib/gcc/nios2-elf/5.3.0/../../../../../H-x86_64-mingw32/nios2-elf/lib\libc.a(lib_a-strlen.o)
 .data          0x00000000080014c4        0x0 c:/intelfpga/18.1/nios2eds/bin/gnu/h-x86_64-mingw32/bin/../lib/gcc/nios2-elf/5.3.0/../../../../../H-x86_64-mingw32/nios2-elf/lib\libc.a(lib_a-vfprintf.o)
 .data          0x00000000080014c4        0x0 c:/intelfpga/18.1/nios2eds/bin/gnu/h-x86_64-mingw32/bin/../lib/gcc/nios2-elf/5.3.0/../../../../../H-x86_64-mingw32/nios2-elf/lib\libc.a(lib_a-writer.o)
 .data          0x00000000080014c4        0x0 c:/intelfpga/18.1/nios2eds/bin/gnu/h-x86_64-mingw32/bin/../lib/gcc/nios2-elf/5.3.0/../../../../../H-x86_64-mingw32/nios2-elf/lib\libc.a(lib_a-wsetup.o)
 .data          0x00000000080014c4        0x0 c:/intelfpga/18.1/nios2eds/bin/gnu/h-x86_64-mingw32/bin/../lib/gcc/nios2-elf/5.3.0/../../../../../H-x86_64-mingw32/nios2-elf/lib\libc.a(closer.o)
 .data          0x00000000080014c4        0x0 c:/intelfpga/18.1/nios2eds/bin/gnu/h-x86_64-mingw32/bin/../lib/gcc/nios2-elf/5.3.0/../../../../../H-x86_64-mingw32/nios2-elf/lib\libc.a(lib_a-dtoa.o)
 .data          0x00000000080014c4        0x0 c:/intelfpga/18.1/nios2eds/bin/gnu/h-x86_64-mingw32/bin/../lib/gcc/nios2-elf/5.3.0/../../../../../H-x86_64-mingw32/nios2-elf/lib\libc.a(lib_a-fflush.o)